<?xml version="1.0" encoding="utf-8"?><testsuites name="pytest tests"><testsuite name="pytest" errors="0" failures="42" skipped="0" tests="649" time="8.619" timestamp="2026-07-15T19:43:33.178001+08:00" hostname="DESKTOP-A77KH3G"><testcase classname="tests.Uui.test_line_number.TestConstruction" name="test_construction_with_text" time="0.083" /><testcase classname="tests.Uui.test_line_number.TestConstruction" name="test_construction_requires_text" time="0.056" /><testcase classname="tests.Uui.test_line_number.TestConstruction" name="test_yview_callback_attached" time="0.066" /><testcase classname="tests.Uui.test_line_number.TestRendering" name="test_draws_line_numbers" time="0.088" /><testcase classname="tests.Uui.test_line_number.TestRendering" name="test_redraw_after_insert" time="0.069" /><testcase classname="tests.Uui.test_line_number.TestRendering" name="test_cursor_line_uses_distinct_color" time="0.071" /><testcase classname="tests.Uui.test_line_number.TestTheme" name="test_apply_theme_does_not_raise" time="0.058" /><testcase classname="tests.Uui.test_line_number.TestTheme" name="test_apply_theme_can_change_colors" time="0.066" /><testcase classname="tests.Uui.test_line_number.TestUTextIntegration" name="test_default_no_gutter" time="0.060" /><testcase classname="tests.Uui.test_line_number.TestUTextIntegration" name="test_show_line_numbers_creates_gutter" time="0.059" /><testcase classname="tests.Uui.test_line_number.TestUTextIntegration" name="test_external_scrollbar_still_receives_updates" time="0.064" /><testcase classname="tests.Uui.test_line_number.TestFontMetrics" name="test_returns_positive_values_for_tuple" time="0.000" /><testcase classname="tests.Uui.test_line_number.TestFontMetrics" name="test_returns_positive_values_for_name" time="0.000" /><testcase classname="tests.Uui.test_scrollbar.TestBgOption" name="test_default_bg_uses_theme" time="0.056" /><testcase classname="tests.Uui.test_scrollbar.TestBgOption" name="test_explicit_bg_preserved" time="0.067" /><testcase classname="tests.Uui.test_scrollbar.TestBgOption" name="test_explicit_bg_preserved_across_theme" time="0.058" /><testcase classname="tests.Uui.test_scrollbar.TestBgOption" name="test_theme_bg_updates_on_theme_change" time="0.063" /><testcase classname="tests.Uui.test_scrollbar.TestThemeColors" name="test_troughcolor_defaults_to_theme" time="0.057" /><testcase classname="tests.Uui.test_scrollbar.TestThemeColors" name="test_activebackground_defaults_to_theme" time="0.058" /><testcase classname="tests.Uui.test_scrollbar.TestThemeColors" name="test_troughcolor_follows_theme" time="0.058" /><testcase classname="tests.Uui.test_scrollbar.TestThemeColors" name="test_activebackground_follows_theme" time="0.060" /><testcase classname="tests.Uui.test_scrollbar.TestGeometry" name="test_orient_vertical_default" time="0.056" /><testcase classname="tests.Uui.test_scrollbar.TestGeometry" name="test_orient_horizontal" time="0.055" /><testcase classname="tests.Uui.test_scrollbar.TestGeometry" name="test_width_default" time="0.062" /><testcase classname="tests.Uui.test_scrollbar.TestGeometry" name="test_custom_width" time="0.069" /><testcase classname="tests.Uui.test_scrollbar.TestGeometry" name="test_appearance_styling_locked" time="0.058" /><testcase classname="tests.Uui.test_scrollbar.TestSetProportional" name="test_set_updates_visual_state" time="0.058" /><testcase classname="tests.Uui.test_scrollbar.TestSetProportional" name="test_set_full_range" time="0.057" /><testcase classname="tests.Uui.test_scrollbar.TestSetProportional" name="test_set_with_autohidden_still_updates" time="0.060" /><testcase classname="tests.Uui.test_scrollbar.TestSetNoForward" name="test_set_does_not_call_command" time="0.060" /><testcase classname="tests.Uui.test_scrollbar.TestSetNoForward" name="test_set_with_no_command_does_not_raise" time="0.057" /><testcase classname="tests.Uui.test_scrollbar.TestSetNoForward" name="test_set_with_autohidden_does_not_call_command" time="0.057" /><testcase classname="tests.Uui.test_scrollbar.TestAutohide" name="test_autohide_hides_when_content_fits" time="0.149" /><testcase classname="tests.Uui.test_scrollbar.TestAutohide" name="test_autohide_shows_when_content_overflows" time="0.071" /><testcase classname="tests.Uui.test_scrollbar.TestAutohide" name="test_autohide_preserves_pack_params" time="0.063" /><testcase classname="tests.Uui.test_scrollbar.TestAutohide" name="test_no_autohide_keeps_visible" time="0.064" /><testcase classname="tests.Uui.test_scrollbar.TestAutohide" name="test_no_autohide_no_saved_pack" time="0.061" /><testcase classname="tests.Uui.test_scrollbar.TestAutohide" name="test_autohide_boundary_values" time="0.066" /><testcase classname="tests.Uui.test_scrollbar.TestAutohide" name="test_autohide_idempotent_hide" time="0.062" /><testcase classname="tests.Uui.test_scrollbar.TestAutohide" name="test_autohide_idempotent_show" time="0.087" /><testcase classname="tests.Uui.test_scrollbar.TestApplyAutohideEdgeCases" name="test_saved_pack_populated_after_hide" time="0.055" /><testcase classname="tests.Uui.test_scrollbar.TestApplyAutohideEdgeCases" name="test_apply_theme_does_not_raise_on_withdrawn" time="0.056" /><testcase classname="tests.Uui.test_tree_canvas.TestNodeModel" name="test_add_root" time="0.060" /><testcase classname="tests.Uui.test_tree_canvas.TestNodeModel" name="test_add_with_is_open" time="0.070" /><testcase classname="tests.Uui.test_tree_canvas.TestNodeModel" name="test_add_nested" time="0.061" /><testcase classname="tests.Uui.test_tree_canvas.TestNodeModel" name="test_add_duplicate_is_noop" time="0.061" /><testcase classname="tests.Uui.test_tree_canvas.TestNodeModel" name="test_add_orphan_raises" time="0.057" /><testcase classname="tests.Uui.test_tree_canvas.TestNodeModel" name="test_clear_removes_all" time="0.066" /><testcase classname="tests.Uui.test_tree_canvas.TestNodeModel" name="test_remove_node_removes_descendants" time="0.074" /><testcase classname="tests.Uui.test_tree_canvas.TestOpenClose" name="test_set_open_true" time="0.088" /><testcase classname="tests.Uui.test_tree_canvas.TestOpenClose" name="test_set_open_false_fires_toggle" time="0.086" /><testcase classname="tests.Uui.test_tree_canvas.TestOpenClose" name="test_set_open_idempotent" time="0.089" /><testcase classname="tests.Uui.test_tree_canvas.TestOpenClose" name="test_set_open_can_fire_toggle_off" time="0.088" /><testcase classname="tests.Uui.test_tree_canvas.TestSelection" name="test_set_selected_basic" time="0.073" /><testcase classname="tests.Uui.test_tree_canvas.TestSelection" name="test_set_selected_hidden_blocked" time="0.083" /><testcase classname="tests.Uui.test_tree_canvas.TestSelection" name="test_set_selected_after_open_succeeds" time="0.091" /><testcase classname="tests.Uui.test_tree_canvas.TestSelection" name="test_set_selected_none_clears" time="0.078" /><testcase classname="tests.Uui.test_tree_canvas.TestSelection" name="test_set_selected_fire_off" time="0.073" /><testcase classname="tests.Uui.test_tree_canvas.TestGeometry" name="test_identify_row_finds_visible" time="0.073" /><testcase classname="tests.Uui.test_tree_canvas.TestGeometry" name="test_identify_row_returns_none_below" time="0.074" /><testcase classname="tests.Uui.test_tree_canvas.TestGeometry" name="test_see_does_not_raise" time="0.072" /><testcase classname="tests.Uui.test_tree_canvas.TestTheme" name="test_apply_theme_preserves_state" time="0.075" /><testcase classname="tests.Uui.test_tree_canvas.TestNodeData" name="test_data_roundtrip" time="0.069" /><testcase classname="tests.Uui.test_tree_canvas.TestNodeData" name="test_data_none_default" time="0.061" /><testcase classname="tests.Uui.test_tree_canvas.TestNodeData" name="test_data_unknown_iid_returns_none" time="0.058" /><testcase classname="tests.checker.test_base.TestOutputRow" name="test_basic_construction" time="0.001" /><testcase classname="tests.checker.test_base.TestOutputRow" name="test_equality" time="0.000" /><testcase classname="tests.checker.test_base.TestOutputRow" name="test_supported_levels" time="0.000" /><testcase classname="tests.checker.test_base.TestOutput" name="test_basic_construction" time="0.000" /><testcase classname="tests.checker.test_base.TestOutput" name="test_with_rows" time="0.000" /><testcase classname="tests.checker.test_base.TestOutput" name="test_equality" time="0.000" /><testcase classname="tests.checker.test_base.TestOutput" name="test_mutation" time="0.000" /><testcase classname="tests.checker.test_base.TestChecker" name="test_cannot_instantiate_abstract_class" time="0.000" /><testcase classname="tests.checker.test_base.TestChecker" name="test_subclass_without_check_cannot_instantiate" time="0.000" /><testcase classname="tests.checker.test_base.TestChecker" name="test_subclass_with_check_can_instantiate" time="0.000" /><testcase classname="tests.checker.test_base.TestChecker" name="test_same_class_imported_from_submodule" time="0.000" /><testcase classname="tests.checker.test_python.TestFlake8CheckerCodeToLevel" name="test_code_to_level_mapping[E101-error]" time="0.005" /><testcase classname="tests.checker.test_python.TestFlake8CheckerCodeToLevel" name="test_code_to_level_mapping[E501-error]" time="0.000" /><testcase classname="tests.checker.test_python.TestFlake8CheckerCodeToLevel" name="test_code_to_level_mapping[F401-error]" time="0.000" /><testcase classname="tests.checker.test_python.TestFlake8CheckerCodeToLevel" name="test_code_to_level_mapping[F841-error]" time="0.000" /><testcase classname="tests.checker.test_python.TestFlake8CheckerCodeToLevel" name="test_code_to_level_mapping[W291-warning]" time="0.001" /><testcase classname="tests.checker.test_python.TestFlake8CheckerCodeToLevel" name="test_code_to_level_mapping[W605-warning]" time="0.000" /><testcase classname="tests.checker.test_python.TestFlake8CheckerCodeToLevel" name="test_code_to_level_mapping[C901-convention]" time="0.000" /><testcase classname="tests.checker.test_python.TestFlake8CheckerCodeToLevel" name="test_code_to_level_mapping[C101-convention]" time="0.000" /><testcase classname="tests.checker.test_python.TestFlake8CheckerCodeToLevel" name="test_code_to_level_mapping[N801-notice]" time="0.000" /><testcase classname="tests.checker.test_python.TestFlake8CheckerCodeToLevel" name="test_code_to_level_mapping[N803-notice]" time="0.000" /><testcase classname="tests.checker.test_python.TestFlake8CheckerCodeToLevel" name="test_code_to_level_mapping[X999-info]" time="0.000" /><testcase classname="tests.checker.test_python.TestFlake8CheckerCodeToLevel" name="test_code_to_level_mapping[-info]" time="0.000" /><testcase classname="tests.checker.test_python.TestFlake8CheckerCodeToLevel" name="test_code_to_level_mapping[ABC-info]" time="0.000" /><testcase classname="tests.checker.test_python.TestFlake8CheckerRuntime" name="test_returns_empty_when_no_flake8_issues" time="0.005" /><testcase classname="tests.checker.test_python.TestFlake8CheckerRuntime" name="test_parses_flake8_lines" time="0.001" /><testcase classname="tests.checker.test_python.TestFlake8CheckerRuntime" name="test_module_not_found_falls_back_to_ast" time="0.002" /><testcase classname="tests.checker.test_python.TestFlake8CheckerRuntime" name="test_module_not_found_with_syntax_error_reports_it" time="0.003" /><testcase classname="tests.checker.test_python.TestFlake8CheckerRuntime" name="test_file_not_found_falls_back_to_error" time="0.001" /><testcase classname="tests.checker.test_python.TestFlake8CheckerRuntime" name="test_flake8_subprocess_failure_skipped" time="0.002" /><testcase classname="tests.checker.test_python.TestFlake8CheckerRuntime" name="test_flake8_timeout_falls_back" time="0.002" /><testcase classname="tests.checker.test_python.TestFlake8CheckerRuntime" name="test_malformed_flake8_line_skipped" time="0.002" /><testcase classname="tests.checker.test_python.TestPyrightCheckerRuntime" name="test_pyright_not_installed_returns_info" time="0.002" /><testcase classname="tests.checker.test_python.TestPyrightCheckerRuntime" name="test_pyright_command_not_found_via_stderr" time="0.001" /><testcase classname="tests.checker.test_python.TestPyrightCheckerRuntime" name="test_pyright_not_recognized_via_stderr" time="0.001" /><testcase classname="tests.checker.test_python.TestPyrightCheckerRuntime" name="test_pyright_timeout_falls_back_to_info" time="0.001" /><testcase classname="tests.checker.test_python.TestPyrightCheckerRuntime" name="test_pyright_json_with_no_diagnostics" time="0.002" /><testcase classname="tests.checker.test_python.TestPyrightCheckerRuntime" name="test_pyright_json_with_diagnostics" time="0.002" /><testcase classname="tests.checker.test_python.TestPyrightCheckerRuntime" name="test_pyright_text_fallback" time="0.002" /><testcase classname="tests.checker.test_python.TestCPythonCheckerRuntime" name="test_successful_execution_returns_empty" time="0.003" /><testcase classname="tests.checker.test_python.TestCPythonCheckerRuntime" name="test_runtime_error_is_reported" time="0.003" /><testcase classname="tests.checker.test_python.TestCPythonCheckerRuntime" name="test_timeout_returns_error_message" time="0.003" /><testcase classname="tests.checker.test_python.TestCPythonCheckerRuntime" name="test_file_not_found" time="0.001" /><testcase classname="tests.checker.test_python.TestCPythonCheckerRuntime" name="test_multiple_runtime_errors_all_reported" time="0.018" /><testcase classname="tests.checker.test_python.TestCPythonCheckerRuntime" name="test_failed_check_uses_sys_executable" time="0.003" /><testcase classname="tests.checker.test_python.TestConstants" name="test_constant_values" time="0.000" /><testcase classname="tests.highlighter.test_base.TestHighlightToken" name="test_basic_construction" time="0.001" /><testcase classname="tests.highlighter.test_base.TestHighlightToken" name="test_equality" time="0.000" /><testcase classname="tests.highlighter.test_base.TestHighlightToken" name="test_mutable_fields" time="0.000" /><testcase classname="tests.highlighter.test_base.TestHighlightToken" name="test_required_fields" time="0.000" /><testcase classname="tests.highlighter.test_base.TestHighlightBlock" name="test_default_tokens_is_none" time="0.000" /><testcase classname="tests.highlighter.test_base.TestHighlightBlock" name="test_explicit_tokens" time="0.001" /><testcase classname="tests.highlighter.test_base.TestHighlightBlock" name="test_equality" time="0.000" /><testcase classname="tests.highlighter.test_base.TestHighlightBlock" name="test_empty_code" time="0.000" /><testcase classname="tests.highlighter.test_base.TestHighlighterExpert" name="test_cannot_instantiate_abstract_class" time="0.000" /><testcase classname="tests.highlighter.test_base.TestHighlighterExpert" name="test_must_implement_highlight" time="0.000" /><testcase classname="tests.highlighter.test_base.TestHighlighterExpert" name="test_must_implement_get_languange_exts" time="0.000" /><testcase classname="tests.highlighter.test_base.TestHighlighterExpert" name="test_concrete_subclass_can_be_instantiated" time="0.000" /><testcase classname="tests.highlighter.test_base.TestHighlighterExpert" name="test_same_class_imported_from_submodule" time="0.000" /><testcase classname="tests.highlighter.test_ccpp.TestCcppHighlighterExpertBasics" name="test_get_languange_exts" time="0.000" /><testcase classname="tests.highlighter.test_ccpp.TestCcppHighlighterExpertBasics" name="test_highlight_returns_new_block" time="0.000" /><testcase classname="tests.highlighter.test_ccpp.TestCcppHighlighterExpertBasics" name="test_empty_code" time="0.000" /><testcase classname="tests.highlighter.test_ccpp.TestCcppHighlighterExpertBasics" name="test_no_match_code" time="0.000" /><testcase classname="tests.highlighter.test_ccpp.TestKeywordAndBuiltin" name="test_keyword_detection[int]" time="0.000" /><testcase classname="tests.highlighter.test_ccpp.TestKeywordAndBuiltin" name="test_keyword_detection[return]" time="0.000" /><testcase classname="tests.highlighter.test_ccpp.TestKeywordAndBuiltin" name="test_keyword_detection[if]" time="0.000" /><testcase classname="tests.highlighter.test_ccpp.TestKeywordAndBuiltin" name="test_keyword_detection[else]" time="0.000" /><testcase classname="tests.highlighter.test_ccpp.TestKeywordAndBuiltin" name="test_keyword_detection[for]" time="0.000" /><testcase classname="tests.highlighter.test_ccpp.TestKeywordAndBuiltin" name="test_keyword_detection[while]" time="0.000" /><testcase classname="tests.highlighter.test_ccpp.TestKeywordAndBuiltin" name="test_keyword_detection[struct]" time="0.000" /><testcase classname="tests.highlighter.test_ccpp.TestKeywordAndBuiltin" name="test_keyword_detection[class]" time="0.000" /><testcase classname="tests.highlighter.test_ccpp.TestKeywordAndBuiltin" name="test_keyword_detection[void]" time="0.000" /><testcase classname="tests.highlighter.test_ccpp.TestKeywordAndBuiltin" name="test_keyword_detection[const]" time="0.000" /><testcase classname="tests.highlighter.test_ccpp.TestKeywordAndBuiltin" name="test_builtin_detection[NULL]" time="0.000" /><testcase classname="tests.highlighter.test_ccpp.TestKeywordAndBuiltin" name="test_identifier_detection" time="0.000" /><testcase classname="tests.highlighter.test_ccpp.TestKeywordAndBuiltin" name="test_keyword_takes_precedence_over_builtin" time="0.000" /><testcase classname="tests.highlighter.test_ccpp.TestStructAndClass" name="test_struct_marks_name" time="0.000" /><testcase classname="tests.highlighter.test_ccpp.TestStructAndClass" name="test_class_marks_name" time="0.000" /><testcase classname="tests.highlighter.test_ccpp.TestString" name="test_string_variants[&quot;hello&quot;-&quot;hello&quot;]" time="0.000" /><testcase classname="tests.highlighter.test_ccpp.TestString" name="test_string_variants['c'-'c']" time="0.000" /><testcase classname="tests.highlighter.test_ccpp.TestString" name="test_string_variants[&quot;escape\\n&quot;-&quot;escape\\n&quot;]" time="0.000" /><testcase classname="tests.highlighter.test_ccpp.TestComment" name="test_single_line_comment" time="0.000" /><testcase classname="tests.highlighter.test_ccpp.TestComment" name="test_multiline_comment" time="0.000" /><testcase classname="tests.highlighter.test_ccpp.TestComment" name="test_multiline_comment_spans_lines" time="0.000" /><testcase classname="tests.highlighter.test_ccpp.TestComment" name="test_inline_comment" time="0.000" /><testcase classname="tests.highlighter.test_ccpp.TestPreprocessor" name="test_include" time="0.000" /><testcase classname="tests.highlighter.test_ccpp.TestPreprocessor" name="test_define" time="0.000" /><testcase classname="tests.highlighter.test_ccpp.TestPreprocessor" name="test_ifdef" time="0.000" /><testcase classname="tests.highlighter.test_ccpp.TestPreprocessor" name="test_pragma" time="0.000" /><testcase classname="tests.highlighter.test_ccpp.TestNumber" name="test_number_variants[0]" time="0.000" /><testcase classname="tests.highlighter.test_ccpp.TestNumber" name="test_number_variants[123]" time="0.000" /><testcase classname="tests.highlighter.test_ccpp.TestNumber" name="test_number_variants[3.14]" time="0.000" /><testcase classname="tests.highlighter.test_ccpp.TestNumber" name="test_number_variants[1e10]" time="0.000" /><testcase classname="tests.highlighter.test_ccpp.TestNumber" name="test_number_variants[2.5e-3]" time="0.000" /><testcase classname="tests.highlighter.test_ccpp.TestNumber" name="test_number_variants[0xDEAD]" time="0.000" /><testcase classname="tests.highlighter.test_ccpp.TestNumber" name="test_number_variants[0b1010]" time="0.000" /><testcase classname="tests.highlighter.test_ccpp.TestNumber" name="test_number_variants[42]" time="0.000" /><testcase classname="tests.highlighter.test_ccpp.TestNumber" name="test_number_variants[0.5f]" time="0.000" /><testcase classname="tests.highlighter.test_ccpp.TestNumber" name="test_number_variants[1.0L]" time="0.000" /><testcase classname="tests.highlighter.test_ccpp.TestOperatorAndPunctuation" name="test_basic_operators[+]" time="0.000" /><testcase classname="tests.highlighter.test_ccpp.TestOperatorAndPunctuation" name="test_basic_operators[-]" time="0.000" /><testcase classname="tests.highlighter.test_ccpp.TestOperatorAndPunctuation" name="test_basic_operators[*]" time="0.000" /><testcase classname="tests.highlighter.test_ccpp.TestOperatorAndPunctuation" name="test_basic_operators[/]" time="0.000" /><testcase classname="tests.highlighter.test_ccpp.TestOperatorAndPunctuation" name="test_basic_operators[%]" time="0.000" /><testcase classname="tests.highlighter.test_ccpp.TestOperatorAndPunctuation" name="test_basic_operators[++]" time="0.000" /><testcase classname="tests.highlighter.test_ccpp.TestOperatorAndPunctuation" name="test_basic_operators[--]" time="0.000" /><testcase classname="tests.highlighter.test_ccpp.TestOperatorAndPunctuation" name="test_basic_operators[&lt;&lt;]" time="0.000" /><testcase classname="tests.highlighter.test_ccpp.TestOperatorAndPunctuation" name="test_basic_operators[&gt;&gt;]" time="0.000" /><testcase classname="tests.highlighter.test_ccpp.TestOperatorAndPunctuation" name="test_basic_operators[&amp;]" time="0.000" /><testcase classname="tests.highlighter.test_ccpp.TestOperatorAndPunctuation" name="test_basic_operators[|]" time="0.000" /><testcase classname="tests.highlighter.test_ccpp.TestOperatorAndPunctuation" name="test_basic_operators[^]" time="0.000" /><testcase classname="tests.highlighter.test_ccpp.TestOperatorAndPunctuation" name="test_basic_operators[~]" time="0.000" /><testcase classname="tests.highlighter.test_ccpp.TestOperatorAndPunctuation" name="test_basic_operators[&lt;]" time="0.000" /><testcase classname="tests.highlighter.test_ccpp.TestOperatorAndPunctuation" name="test_basic_operators[&gt;]" time="0.000" /><testcase classname="tests.highlighter.test_ccpp.TestOperatorAndPunctuation" name="test_basic_operators[&lt;=]" time="0.000" /><testcase classname="tests.highlighter.test_ccpp.TestOperatorAndPunctuation" name="test_basic_operators[&gt;=]" time="0.000" /><testcase classname="tests.highlighter.test_ccpp.TestOperatorAndPunctuation" name="test_basic_operators[==]" time="0.000" /><testcase classname="tests.highlighter.test_ccpp.TestOperatorAndPunctuation" name="test_basic_operators[!=]" time="0.001" /><testcase classname="tests.highlighter.test_ccpp.TestOperatorAndPunctuation" name="test_basic_operators[+=]" time="0.000" /><testcase classname="tests.highlighter.test_ccpp.TestOperatorAndPunctuation" name="test_basic_operators[-=]" time="0.000" /><testcase classname="tests.highlighter.test_ccpp.TestOperatorAndPunctuation" name="test_basic_operators[*=]" time="0.000" /><testcase classname="tests.highlighter.test_ccpp.TestOperatorAndPunctuation" name="test_basic_operators[/=]" time="0.000" /><testcase classname="tests.highlighter.test_ccpp.TestOperatorAndPunctuation" name="test_basic_operators[%=]" time="0.000" /><testcase classname="tests.highlighter.test_ccpp.TestOperatorAndPunctuation" name="test_basic_operators[-&gt;]" time="0.000" /><testcase classname="tests.highlighter.test_ccpp.TestOperatorAndPunctuation" name="test_basic_operators[::]" time="0.000" /><testcase classname="tests.highlighter.test_ccpp.TestOperatorAndPunctuation" name="test_punctuation[(]" time="0.000" /><testcase classname="tests.highlighter.test_ccpp.TestOperatorAndPunctuation" name="test_punctuation[)]" time="0.000" /><testcase classname="tests.highlighter.test_ccpp.TestOperatorAndPunctuation" name="test_punctuation[[]" time="0.000" /><testcase classname="tests.highlighter.test_ccpp.TestOperatorAndPunctuation" name="test_punctuation[]]" time="0.000" /><testcase classname="tests.highlighter.test_ccpp.TestOperatorAndPunctuation" name="test_punctuation[{]" time="0.000" /><testcase classname="tests.highlighter.test_ccpp.TestOperatorAndPunctuation" name="test_punctuation[}]" time="0.000" /><testcase classname="tests.highlighter.test_ccpp.TestOperatorAndPunctuation" name="test_punctuation[;]" time="0.000" /><testcase classname="tests.highlighter.test_ccpp.TestOperatorAndPunctuation" name="test_punctuation[,]" time="0.000" /><testcase classname="tests.highlighter.test_ccpp.TestEndToEnd" name="test_full_function_example" time="0.000" /><testcase classname="tests.highlighter.test_ccpp.TestEndToEnd" name="test_tokens_are_non_overlapping_and_ordered" time="0.000" /><testcase classname="tests.highlighter.test_ccpp.TestEndToEnd" name="test_input_block_not_mutated" time="0.000" /><testcase classname="tests.highlighter.test_ccpp.TestEndToEnd" name="test_token_snippets_concatenate_back_to_source" time="0.000" /><testcase classname="tests.highlighter.test_dom_cache.TestLibraryDOM" name="test_library_dom_creation" time="0.000" /><testcase classname="tests.highlighter.test_dom_cache.TestCacheOperations" name="test_cache_file_path" time="0.000" /><testcase classname="tests.highlighter.test_dom_cache.TestCacheOperations" name="test_cache_file_path_dotted_name" time="0.000" /><testcase classname="tests.highlighter.test_dom_cache.TestCacheOperations" name="test_cache_exists_nonexistent" time="0.000" /><testcase classname="tests.highlighter.test_dom_cache.TestCacheOperations" name="test_get_lib_dom_nonexistent" time="0.000" /><testcase classname="tests.highlighter.test_dom_cache.TestCacheOperations" name="test_ensure_then_get" time="0.004" /><testcase classname="tests.highlighter.test_dom_cache.TestCacheOperations" name="test_get_or_load_lib_dom_caches" time="0.004" /><testcase classname="tests.highlighter.test_dom_cache.TestCacheOperations" name="test_invalidate" time="0.003" /><testcase classname="tests.highlighter.test_dom_cache.TestDOMContent" name="test_os_dom_has_expected_structure" time="0.002" /><testcase classname="tests.highlighter.test_dom_cache.TestDOMContent" name="test_collections_dom" time="0.003" /><testcase classname="tests.highlighter.test_dom_cache.TestBuildFullCache" name="test_build_full_cache_returns_count" time="1.069" /><testcase classname="tests.highlighter.test_dom_cache.TestBuildFullCache" name="test_build_full_cache_progress_callback" time="0.206" /><testcase classname="tests.highlighter.test_python.TestPythonHighlighterExpertBasics" name="test_get_languange_exts" time="0.000" /><testcase classname="tests.highlighter.test_python.TestPythonHighlighterExpertBasics" name="test_highlight_returns_new_block" time="0.000" /><testcase classname="tests.highlighter.test_python.TestPythonHighlighterExpertBasics" name="test_empty_code" time="0.000" /><testcase classname="tests.highlighter.test_python.TestPythonHighlighterExpertBasics" name="test_no_match_code" time="0.000" /><testcase classname="tests.highlighter.test_python.TestKeywordAndBuiltin" name="test_keyword_detection[def]" time="0.000" /><testcase classname="tests.highlighter.test_python.TestKeywordAndBuiltin" name="test_keyword_detection[class]" time="0.000" /><testcase classname="tests.highlighter.test_python.TestKeywordAndBuiltin" name="test_keyword_detection[if]" time="0.000" /><testcase classname="tests.highlighter.test_python.TestKeywordAndBuiltin" name="test_keyword_detection[else]" time="0.000" /><testcase classname="tests.highlighter.test_python.TestKeywordAndBuiltin" name="test_keyword_detection[return]" time="0.000" /><testcase classname="tests.highlighter.test_python.TestKeywordAndBuiltin" name="test_keyword_detection[import]" time="0.000" /><testcase classname="tests.highlighter.test_python.TestKeywordAndBuiltin" name="test_keyword_detection[from]" time="0.000" /><testcase classname="tests.highlighter.test_python.TestKeywordAndBuiltin" name="test_keyword_detection[for]" time="0.000" /><testcase classname="tests.highlighter.test_python.TestKeywordAndBuiltin" name="test_keyword_detection[while]" time="0.000" /><testcase classname="tests.highlighter.test_python.TestKeywordAndBuiltin" name="test_keyword_detection[lambda]" time="0.000" /><testcase classname="tests.highlighter.test_python.TestKeywordAndBuiltin" name="test_builtin_detection[print]" time="0.000" /><testcase classname="tests.highlighter.test_python.TestKeywordAndBuiltin" name="test_builtin_detection[len]" time="0.000" /><testcase classname="tests.highlighter.test_python.TestKeywordAndBuiltin" name="test_builtin_detection[range]" time="0.000" /><testcase classname="tests.highlighter.test_python.TestKeywordAndBuiltin" name="test_builtin_detection[open]" time="0.000" /><testcase classname="tests.highlighter.test_python.TestKeywordAndBuiltin" name="test_builtin_detection[isinstance]" time="0.000" /><testcase classname="tests.highlighter.test_python.TestKeywordAndBuiltin" name="test_identifier_detection" time="0.000" /><testcase classname="tests.highlighter.test_python.TestKeywordAndBuiltin" name="test_keyword_takes_precedence_over_builtin" time="0.000" /><testcase classname="tests.highlighter.test_python.TestDefAndClass" name="test_def_marks_function" time="0.000" /><testcase classname="tests.highlighter.test_python.TestDefAndClass" name="test_class_marks_class" time="0.000" /><testcase classname="tests.highlighter.test_python.TestDefAndClass" name="test_async_def_still_marks_function" time="0.000" /><testcase classname="tests.highlighter.test_python.TestDefAndClass" name="test_def_with_decorator_still_marks_function" time="0.000" /><testcase classname="tests.highlighter.test_python.TestDefAndClass" name="test_def_then_punct_does_not_mark_function" time="0.000" /><testcase classname="tests.highlighter.test_python.TestDefAndClass" name="test_decorator_detection" time="0.000" /><testcase classname="tests.highlighter.test_python.TestDefAndClass" name="test_dotted_decorator" time="0.000" /><testcase classname="tests.highlighter.test_python.TestString" name="test_string_variants[&quot;hello&quot;-&quot;hello&quot;]" time="0.000" /><testcase classname="tests.highlighter.test_python.TestString" name="test_string_variants['world'-'world']" time="0.001" /><testcase classname="tests.highlighter.test_python.TestString" name="test_string_variants[&quot;&quot;&quot;triple&quot;&quot;&quot;-&quot;&quot;&quot;triple&quot;&quot;&quot;]" time="0.000" /><testcase classname="tests.highlighter.test_python.TestString" name="test_string_variants['''triple'''-'''triple''']" time="0.000" /><testcase classname="tests.highlighter.test_python.TestString" name="test_string_variants[r&quot;raw&quot;-r&quot;raw&quot;]" time="0.000" /><testcase classname="tests.highlighter.test_python.TestString" name="test_string_variants[b&quot;bytes&quot;-b&quot;bytes&quot;]" time="0.000" /><testcase classname="tests.highlighter.test_python.TestString" name="test_string_variants[f&quot;fstring {x}&quot;-f&quot;fstring {x}&quot;]" time="0.000" /><testcase classname="tests.highlighter.test_python.TestString" name="test_string_variants[rb&quot;raw bytes&quot;-rb&quot;raw bytes&quot;]" time="0.000" /><testcase classname="tests.highlighter.test_python.TestString" name="test_string_variants[R&quot;upper raw&quot;-R&quot;upper raw&quot;]" time="0.000" /><testcase classname="tests.highlighter.test_python.TestString" name="test_string_does_not_break_comment" time="0.000" /><testcase classname="tests.highlighter.test_python.TestComment" name="test_single_line_comment" time="0.000" /><testcase classname="tests.highlighter.test_python.TestComment" name="test_inline_comment" time="0.000" /><testcase classname="tests.highlighter.test_python.TestNumber" name="test_number_variants[0]" time="0.000" /><testcase classname="tests.highlighter.test_python.TestNumber" name="test_number_variants[123]" time="0.000" /><testcase classname="tests.highlighter.test_python.TestNumber" name="test_number_variants[3.14]" time="0.000" /><testcase classname="tests.highlighter.test_python.TestNumber" name="test_number_variants[1e10]" time="0.000" /><testcase classname="tests.highlighter.test_python.TestNumber" name="test_number_variants[2.5e-3]" time="0.000" /><testcase classname="tests.highlighter.test_python.TestNumber" name="test_number_variants[0xDEAD]" time="0.000" /><testcase classname="tests.highlighter.test_python.TestNumber" name="test_number_variants[0b1010]" time="0.000" /><testcase classname="tests.highlighter.test_python.TestNumber" name="test_number_variants[0o777]" time="0.000" /><testcase classname="tests.highlighter.test_python.TestNumber" name="test_number_variants[1j]" time="0.000" /><testcase classname="tests.highlighter.test_python.TestNumber" name="test_number_with_underscore" time="0.000" /><testcase classname="tests.highlighter.test_python.TestOperatorAndPunctuation" name="test_basic_operators[+]" time="0.001" /><testcase classname="tests.highlighter.test_python.TestOperatorAndPunctuation" name="test_basic_operators[-]" time="0.001" /><testcase classname="tests.highlighter.test_python.TestOperatorAndPunctuation" name="test_basic_operators[*]" time="0.000" /><testcase classname="tests.highlighter.test_python.TestOperatorAndPunctuation" name="test_basic_operators[/]" time="0.000" /><testcase classname="tests.highlighter.test_python.TestOperatorAndPunctuation" name="test_basic_operators[%]" time="0.000" /><testcase classname="tests.highlighter.test_python.TestOperatorAndPunctuation" name="test_basic_operators[**]" time="0.000" /><testcase classname="tests.highlighter.test_python.TestOperatorAndPunctuation" name="test_basic_operators[//]" time="0.000" /><testcase classname="tests.highlighter.test_python.TestOperatorAndPunctuation" name="test_basic_operators[&lt;&lt;]" time="0.000" /><testcase classname="tests.highlighter.test_python.TestOperatorAndPunctuation" name="test_basic_operators[&gt;&gt;]" time="0.000" /><testcase classname="tests.highlighter.test_python.TestOperatorAndPunctuation" name="test_basic_operators[&amp;]" time="0.000" /><testcase classname="tests.highlighter.test_python.TestOperatorAndPunctuation" name="test_basic_operators[|]" time="0.000" /><testcase classname="tests.highlighter.test_python.TestOperatorAndPunctuation" name="test_basic_operators[^]" time="0.000" /><testcase classname="tests.highlighter.test_python.TestOperatorAndPunctuation" name="test_basic_operators[~]" time="0.000" /><testcase classname="tests.highlighter.test_python.TestOperatorAndPunctuation" name="test_basic_operators[&lt;]" time="0.000" /><testcase classname="tests.highlighter.test_python.TestOperatorAndPunctuation" name="test_basic_operators[&gt;]" time="0.000" /><testcase classname="tests.highlighter.test_python.TestOperatorAndPunctuation" name="test_basic_operators[&lt;=]" time="0.000" /><testcase classname="tests.highlighter.test_python.TestOperatorAndPunctuation" name="test_basic_operators[&gt;=]" time="0.000" /><testcase classname="tests.highlighter.test_python.TestOperatorAndPunctuation" name="test_basic_operators[==]" time="0.000" /><testcase classname="tests.highlighter.test_python.TestOperatorAndPunctuation" name="test_basic_operators[!=]" time="0.000" /><testcase classname="tests.highlighter.test_python.TestOperatorAndPunctuation" name="test_basic_operators[+=]" time="0.000" /><testcase classname="tests.highlighter.test_python.TestOperatorAndPunctuation" name="test_basic_operators[-=]" time="0.000" /><testcase classname="tests.highlighter.test_python.TestOperatorAndPunctuation" name="test_basic_operators[*=]" time="0.000" /><testcase classname="tests.highlighter.test_python.TestOperatorAndPunctuation" name="test_basic_operators[/=]" time="0.000" /><testcase classname="tests.highlighter.test_python.TestOperatorAndPunctuation" name="test_basic_operators[%=]" time="0.000" /><testcase classname="tests.highlighter.test_python.TestOperatorAndPunctuation" name="test_arrow_operator" time="0.000" /><testcase classname="tests.highlighter.test_python.TestOperatorAndPunctuation" name="test_punctuation[(]" time="0.000" /><testcase classname="tests.highlighter.test_python.TestOperatorAndPunctuation" name="test_punctuation[)]" time="0.000" /><testcase classname="tests.highlighter.test_python.TestOperatorAndPunctuation" name="test_punctuation[[]" time="0.000" /><testcase classname="tests.highlighter.test_python.TestOperatorAndPunctuation" name="test_punctuation[]]" time="0.000" /><testcase classname="tests.highlighter.test_python.TestOperatorAndPunctuation" name="test_punctuation[{]" time="0.000" /><testcase classname="tests.highlighter.test_python.TestOperatorAndPunctuation" name="test_punctuation[}]" time="0.000" /><testcase classname="tests.highlighter.test_python.TestOperatorAndPunctuation" name="test_punctuation[:]" time="0.000" /><testcase classname="tests.highlighter.test_python.TestOperatorAndPunctuation" name="test_punctuation[;]" time="0.000" /><testcase classname="tests.highlighter.test_python.TestOperatorAndPunctuation" name="test_punctuation[,]" time="0.000" /><testcase classname="tests.highlighter.test_python.TestOperatorAndPunctuation" name="test_punctuation[.]" time="0.000" /><testcase classname="tests.highlighter.test_python.TestOperatorAndPunctuation" name="test_minus_is_operator" time="0.000" /><testcase classname="tests.highlighter.test_python.TestEndToEnd" name="test_full_function_example" time="0.000" /><testcase classname="tests.highlighter.test_python.TestEndToEnd" name="test_tokens_are_non_overlapping_and_ordered" time="0.000" /><testcase classname="tests.highlighter.test_python.TestEndToEnd" name="test_input_block_not_mutated" time="0.000" /><testcase classname="tests.highlighter.test_python.TestEndToEnd" name="test_token_snippets_concatenate_back_to_source" time="0.000" /><testcase classname="tests.i18n.test_i18n.TestTranslatorBasics" name="test_singleton" time="0.000" /><testcase classname="tests.i18n.test_i18n.TestTranslatorBasics" name="test_available_languages_contains_expected" time="0.000" /><testcase classname="tests.i18n.test_i18n.TestTranslatorBasics" name="test_current_language_starts_with_fallback" time="0.000" /><testcase classname="tests.i18n.test_i18n.TestTranslatorBasics" name="test_set_language_returns_true_on_change" time="0.000" /><testcase classname="tests.i18n.test_i18n.TestTranslatorBasics" name="test_set_language_returns_false_if_same" time="0.000" /><testcase classname="tests.i18n.test_i18n.TestTranslatorBasics" name="test_set_language_invalid_returns_false" time="0.000" /><testcase classname="tests.i18n.test_i18n.TestTranslate" name="test_translate_existing_key_zh" time="0.000" /><testcase classname="tests.i18n.test_i18n.TestTranslate" name="test_translate_existing_key_en" time="0.000" /><testcase classname="tests.i18n.test_i18n.TestTranslate" name="test_translate_unknown_key_returns_key" time="0.000" /><testcase classname="tests.i18n.test_i18n.TestTranslate" name="test_translate_unknown_key_with_default" time="0.000" /><testcase classname="tests.i18n.test_i18n.TestTranslate" name="test_module_level_t_uses_singleton" time="0.000" /><testcase classname="tests.i18n.test_i18n.TestTranslate" name="test_translate_with_format_kwargs" time="0.000" /><testcase classname="tests.i18n.test_i18n.TestTranslate" name="test_translate_missing_format_arg_does_not_raise" time="0.000" /><testcase classname="tests.i18n.test_i18n.TestTranslate" name="test_translate_force_lang_overrides_current" time="0.000" /><testcase classname="tests.i18n.test_i18n.TestFallback" name="test_zh_CN_missing_key_falls_back_to_en_US" time="0.000" /><testcase classname="tests.i18n.test_i18n.TestFallback" name="test_both_missing_returns_key" time="0.000" /><testcase classname="tests.i18n.test_i18n.TestHas" name="test_has_returns_true_for_existing_key" time="0.000" /><testcase classname="tests.i18n.test_i18n.TestHas" name="test_has_returns_false_for_missing_key" time="0.000" /><testcase classname="tests.i18n.test_i18n.TestHas" name="test_has_with_lang_param" time="0.000" /><testcase classname="tests.i18n.test_i18n.TestListeners" name="test_listener_called_on_language_change" time="0.000" /><testcase classname="tests.i18n.test_i18n.TestListeners" name="test_listener_not_called_if_same_language" time="0.000" /><testcase classname="tests.i18n.test_i18n.TestListeners" name="test_remove_listener" time="0.000" /><testcase classname="tests.i18n.test_i18n.TestReload" name="test_reload_does_not_raise" time="0.001" /><testcase classname="tests.i18n.test_i18n.TestReload" name="test_reload_preserves_translations" time="0.001" /><testcase classname="tests.plugins.test_api.TestPluginManifest" name="test_minimal_valid" time="0.000" /><testcase classname="tests.plugins.test_api.TestPluginManifest" name="test_id_required" time="0.000" /><testcase classname="tests.plugins.test_api.TestPluginManifest" name="test_id_charset" time="0.000" /><testcase classname="tests.plugins.test_api.TestPluginManifest" name="test_name_required" time="0.000" /><testcase classname="tests.plugins.test_api.TestPluginManifest" name="test_scope_enum" time="0.000" /><testcase classname="tests.plugins.test_api.TestHookEvents" name="test_event_names_stable" time="0.000" /><testcase classname="tests.plugins.test_api.TestPluginContextAPI" name="test_ids_exposed" time="0.001" /><testcase classname="tests.plugins.test_api.TestPluginContextAPI" name="test_on_registers_hook" time="0.000" /><testcase classname="tests.plugins.test_api.TestPluginContextAPI" name="test_on_validates_args" time="0.000" /><testcase classname="tests.plugins.test_api.TestPluginContextAPI" name="test_add_command_default_menu" time="0.000" /><testcase classname="tests.plugins.test_api.TestPluginContextAPI" name="test_add_command_with_shortcut" time="0.000" /><testcase classname="tests.plugins.test_api.TestPluginContextAPI" name="test_register_language" time="0.000" /><testcase classname="tests.plugins.test_api.TestPluginContextAPI" name="test_append_output_ignored_empty" time="0.000" /><testcase classname="tests.plugins.test_api.TestPluginContextAPI" name="test_log_format" time="0.000" /><testcase classname="tests.plugins.test_api.TestPluginContextAPI" name="test_setting_namespace" time="0.000" /><testcase classname="tests.plugins.test_api.TestPluginContextAPI" name="test_set_setting_namespace" time="0.000" /><testcase classname="tests.plugins.test_api.TestPluginContextAPI" name="test_setting_key_required" time="0.000" /><testcase classname="tests.plugins.test_api.TestPluginContextAPI" name="test_is_enabled_default_true" time="0.000" /><testcase classname="tests.plugins.test_api.TestPluginContextAPI" name="test_on_unregister_stored" time="0.000" /><testcase classname="tests.plugins.test_api.TestPluginContextAPI" name="test_on_unregister_validates_callable" time="0.000" /><testcase classname="tests.plugins.test_manager.TestDiscovery" name="test_discover_empty_dir" time="0.002" /><testcase classname="tests.plugins.test_manager.TestDiscovery" name="test_discover_skips_dirs_without_init" time="0.002" /><testcase classname="tests.plugins.test_manager.TestDiscovery" name="test_discover_finds_valid_plugin" time="0.004" /><testcase classname="tests.plugins.test_manager.TestDiscovery" name="test_discover_skips_private_dirs" time="0.002" /><testcase classname="tests.plugins.test_manager.TestDiscovery" name="test_discover_handles_broken_plugin" time="0.005" /><testcase classname="tests.plugins.test_manager.TestDiscovery" name="test_discover_project_root" time="0.004" /><testcase classname="tests.plugins.test_manager.TestLifecycle" name="test_load_calls_register" time="0.004" /><testcase classname="tests.plugins.test_manager.TestLifecycle" name="test_register_exception_marks_error" time="0.006" /><testcase classname="tests.plugins.test_manager.TestLifecycle" name="test_missing_register_function" time="0.022" /><testcase classname="tests.plugins.test_manager.TestLifecycle" name="test_disabled_plugin_skipped" time="0.005" /><testcase classname="tests.plugins.test_manager.TestLifecycle" name="test_unload_invokes_unregister_callbacks" time="0.007" /><testcase classname="tests.plugins.test_manager.TestLifecycle" name="test_reload_re_executes_module" time="0.007" /><testcase classname="tests.plugins.test_manager.TestEmit" name="test_emit_dispatches_to_subscribers" time="0.005" /><testcase classname="tests.plugins.test_manager.TestEmit" name="test_emit_swallows_callback_exceptions" time="0.009" /><testcase classname="tests.plugins.test_manager.TestEmit" name="test_disabled_plugin_does_not_receive_events" time="0.007" /><testcase classname="tests.plugins.test_manager.TestEmit" name="test_re_enable_does_not_rerun_register" time="0.007" /><testcase classname="tests.plugins.test_manager.TestShortcutParse" name="test_basic" time="0.000" /><testcase classname="tests.runner.test_runner.TestRunnerStreamOutputSchema" name="test_key_exists" time="0.001" /><testcase classname="tests.runner.test_runner.TestRunnerStreamOutputSchema" name="test_type_is_boolean" time="0.000" /><testcase classname="tests.runner.test_runner.TestRunnerStreamOutputSchema" name="test_default_is_true" time="0.000" /><testcase classname="tests.runner.test_runner.TestRunnerStreamOutputSchema" name="test_scope_is_global" time="0.000" /><testcase classname="tests.runner.test_runner.TestRunnerStreamOutputSchema" name="test_label_non_empty" time="0.000" /><testcase classname="tests.runner.test_runner.TestStreamStdout" name="test_single_line" time="0.062" /><testcase classname="tests.runner.test_runner.TestStreamStdout" name="test_multiple_lines" time="0.057" /><testcase classname="tests.runner.test_runner.TestStreamStdout" name="test_empty_stdout" time="0.059" /><testcase classname="tests.runner.test_runner.TestStreamStderr" name="test_stderr_line" time="0.053" /><testcase classname="tests.runner.test_runner.TestStreamStderr" name="test_stderr_and_stdout_ordered" time="0.046" /><testcase classname="tests.runner.test_runner.TestStreamExitCode" name="test_exit_zero" time="0.051" /><testcase classname="tests.runner.test_runner.TestStreamExitCode" name="test_exit_nonzero" time="0.052" /><testcase classname="tests.runner.test_runner.TestStreamExitCode" name="test_exit_one" time="0.046" /><testcase classname="tests.runner.test_runner.TestStreamTimeout" name="test_timeout_kills_long_running_process" time="0.515" /><testcase classname="tests.runner.test_runner.TestStreamTimeout" name="test_timeout_before_subprocess_starts" time="0.014" /><testcase classname="tests.runner.test_runner.TestStreamTimeout" name="test_done_callback_invoked_on_normal_exit" time="0.054" /><testcase classname="tests.runner.test_runner.TestStreamCallbackRobustness" name="test_callback_exception_does_not_stop_subsequent_lines" time="0.065" /><testcase classname="tests.runner.test_runner.TestStreamNoCallback" name="test_drain_with_no_callback" time="0.053" /><testcase classname="tests.runner.test_runner.TestRunBlocking" name="test_captures_stdout" time="0.049" /><testcase classname="tests.runner.test_runner.TestRunBlocking" name="test_captures_stderr" time="0.046" /><testcase classname="tests.runner.test_runner.TestRunBlocking" name="test_nonzero_exit" time="0.062" /><testcase classname="tests.runner.test_runner.TestRunBlocking" name="test_timeout_raises" time="0.110" /><testcase classname="tests.settings.test_global_settings.TestGlobalSettingsMetadata" name="test_scope_is_global" time="0.002" /><testcase classname="tests.settings.test_global_settings.TestGlobalSettingsMetadata" name="test_schema_is_global_schema" time="0.002" /><testcase classname="tests.settings.test_global_settings.TestGlobalSettingsMetadata" name="test_inherits_json_file_settings" time="0.004" /><testcase classname="tests.settings.test_global_settings.TestGlobalSettingsMetadata" name="test_path_returns_provided" time="0.004" /><testcase classname="tests.settings.test_global_settings.TestGlobalSettingsCRUD" name="test_default_when_unset" time="0.002" /><testcase classname="tests.settings.test_global_settings.TestGlobalSettingsCRUD" name="test_set_then_get" time="0.004" /><testcase classname="tests.settings.test_global_settings.TestGlobalSettingsCRUD" name="test_set_unknown_key_raises" time="0.003" /><testcase classname="tests.settings.test_global_settings.TestGlobalSettingsCRUD" name="test_set_invalid_choice_raises" time="0.003" /><testcase classname="tests.settings.test_global_settings.TestGlobalSettingsCRUD" name="test_reset_single_key" time="0.003" /><testcase classname="tests.settings.test_global_settings.TestGlobalSettingsCRUD" name="test_reset_all_clears_user_values" time="0.003" /><testcase classname="tests.settings.test_global_settings.TestGlobalSettingsCRUD" name="test_all_includes_defaults" time="0.003" /><testcase classname="tests.settings.test_global_settings.TestGlobalSettingsCRUD" name="test_defined_only_user_set" time="0.002" /><testcase classname="tests.settings.test_global_settings.TestGlobalSettingsCRUD" name="test_set_triggers_change_event" time="0.002" /><testcase classname="tests.settings.test_global_settings.TestDefaultGlobalPath" name="test_returns_non_empty_string" time="0.000" /><testcase classname="tests.settings.test_global_settings.TestDefaultGlobalPath" name="test_path_is_absolute" time="0.000" /><testcase classname="tests.settings.test_global_settings.TestDefaultGlobalPath" name="test_contains_python_editor_windows" time="0.000" /><testcase classname="tests.settings.test_global_settings.TestDefaultGlobalPath" name="test_contains_python_editor_macos" time="0.000" /><testcase classname="tests.settings.test_global_settings.TestDefaultGlobalPath" name="test_contains_python_editor_other" time="0.000" /><testcase classname="tests.settings.test_global_settings.TestDefaultGlobalPath" name="test_ends_with_settings_json" time="0.000" /><testcase classname="tests.settings.test_global_settings.TestResolvePath" name="test_resolve_path_returns_default_when_path_cleared" time="0.002" /><testcase classname="tests.settings.test_global_settings.TestResolvePath" name="test_path_property_uses_provided_when_set" time="0.002" /><testcase classname="tests.settings.test_global_settings.TestResolvePath" name="test_resolved_default_contains_app_name" time="0.002" /><testcase classname="tests.settings.test_global_settings.TestResolvePath" name="test_default_resolution_starts_with_win_dir" time="0.002" /><testcase classname="tests.settings.test_global_settings.TestSaveAndReload" name="test_save_writes_to_disk" time="0.004" /><testcase classname="tests.settings.test_global_settings.TestSaveAndReload" name="test_reload_preserves_values" time="0.005" /><testcase classname="tests.settings.test_global_settings.TestSaveAndReload" name="test_ui_theme_change_round_trip" time="0.005" /><testcase classname="tests.settings.test_global_settings.TestSaveAndReload" name="test_save_writes_valid_json" time="0.005" /><testcase classname="tests.settings.test_global_settings.TestSaveAndReload" name="test_load_no_op_when_file_missing" time="0.002" /><testcase classname="tests.settings.test_global_settings.TestSaveAndReload" name="test_save_uses_provided_path" time="0.003" /><testcase classname="tests.settings.test_manager.TestManagerBasics" name="test_global_settings_exposed" time="0.002" /><testcase classname="tests.settings.test_manager.TestManagerBasics" name="test_project_settings_attached" time="0.002" /><testcase classname="tests.settings.test_manager.TestManagerBasics" name="test_default_constructs_with_global" time="0.002" /><testcase classname="tests.settings.test_manager.TestEffectivePriority" name="test_global_only_value" time="0.002" /><testcase classname="tests.settings.test_manager.TestEffectivePriority" name="test_project_overrides_global" time="0.002" /><testcase classname="tests.settings.test_manager.TestEffectivePriority" name="test_project_value_visible_via_effective" time="0.002" /><testcase classname="tests.settings.test_manager.TestEffectivePriority" name="test_project_takes_precedence_over_global_fallback" time="0.002" /><testcase classname="tests.settings.test_manager.TestEffectivePriority" name="test_effective_falls_back_to_default" time="0.002" /><testcase classname="tests.settings.test_manager.TestEffectivePriority" name="test_effective_with_explicit_default" time="0.002" /><testcase classname="tests.settings.test_manager.TestProjectSwitch" name="test_attach_lazy_resolves_path" time="0.002" /><testcase classname="tests.settings.test_manager.TestProjectSwitch" name="test_save_persists_to_pyeditor_dir" time="0.007" /><testcase classname="tests.settings.test_manager.TestProjectSwitch" name="test_detach_saves_project_settings" time="0.005" /><testcase classname="tests.settings.test_manager.TestProjectSwitch" name="test_attach_replaces_previous_project" time="0.005" /><testcase classname="tests.settings.test_manager.TestListenerForwarding" name="test_global_event_relayed" time="0.002" /><testcase classname="tests.settings.test_manager.TestListenerForwarding" name="test_project_event_relayed" time="0.002" /><testcase classname="tests.settings.test_manager.TestListenerForwarding" name="test_remove_listener_stops_events" time="0.002" /><testcase classname="tests.settings.test_manager.TestSaveAndReload" name="test_global_round_trip" time="0.006" /><testcase classname="tests.settings.test_manager.TestSaveAndReload" name="test_project_round_trip" time="0.006" /><testcase classname="tests.settings.test_manager.TestSaveAndReload" name="test_project_settings_file_shape" time="0.006" /><testcase classname="tests.settings.test_manager.TestContextManager" name="test_with_block_does_save" time="0.005" /><testcase classname="tests.settings.test_manager.TestSchemas" name="test_default_global_keys_present" time="0.003" /><testcase classname="tests.settings.test_manager.TestSchemas" name="test_default_project_keys_present" time="0.002" /><testcase classname="tests.settings.test_manager.TestSchemas" name="test_schema_instances" time="0.000" /><testcase classname="tests.settings.test_schema.TestSchemaTypes" name="test_global_schema_is_settings_schema" time="0.000" /><testcase classname="tests.settings.test_schema.TestSchemaTypes" name="test_project_schema_is_settings_schema" time="0.000" /><testcase classname="tests.settings.test_schema.TestSchemaTypes" name="test_global_schema_is_not_empty" time="0.000" /><testcase classname="tests.settings.test_schema.TestSchemaTypes" name="test_project_schema_is_not_empty" time="0.000" /><testcase classname="tests.settings.test_schema.TestGlobalKeysPresent" name="test_known_global_key_exists[ui.theme]" time="0.000" /><testcase classname="tests.settings.test_schema.TestGlobalKeysPresent" name="test_known_global_key_exists[editor.tab_size]" time="0.000" /><testcase classname="tests.settings.test_schema.TestGlobalKeysPresent" name="test_known_global_key_exists[completion.enabled]" time="0.000" /><testcase classname="tests.settings.test_schema.TestGlobalKeysPresent" name="test_known_global_key_exists[checker.timeout_ms]" time="0.000" /><testcase classname="tests.settings.test_schema.TestProjectKeysPresent" name="test_known_project_key_exists[project.python_interpreter]" time="0.000" /><testcase classname="tests.settings.test_schema.TestProjectKeysPresent" name="test_known_project_key_exists[project.entry_point]" time="0.000" /><testcase classname="tests.settings.test_schema.TestProjectKeysPresent" name="test_known_project_key_exists[checker.enabled]" time="0.000" /><testcase classname="tests.settings.test_schema.TestProjectKeysPresent" name="test_known_project_key_exists[project.exclude_paths]" time="0.000" /><testcase classname="tests.settings.test_schema.TestSpecTypes" name="test_ui_theme_is_choice" time="0.000" /><testcase classname="tests.settings.test_schema.TestSpecTypes" name="test_editor_tab_size_is_integer" time="0.000" /><testcase classname="tests.settings.test_schema.TestSpecTypes" name="test_completion_enabled_is_boolean" time="0.000" /><testcase classname="tests.settings.test_schema.TestSpecTypes" name="test_checker_timeout_is_integer" time="0.000" /><testcase classname="tests.settings.test_schema.TestSpecTypes" name="test_checker_enabled_is_list" time="0.000" /><testcase classname="tests.settings.test_schema.TestSpecTypes" name="test_project_exclude_paths_is_list" time="0.000" /><testcase classname="tests.settings.test_schema.TestSpecTypes" name="test_project_python_interpreter_is_path" time="0.000" /><testcase classname="tests.settings.test_schema.TestSpecTypes" name="test_project_entry_point_is_path" time="0.000" /><testcase classname="tests.settings.test_schema.TestChoiceSpecsHaveChoices" name="test_every_choice_has_non_empty_choices[schema0-global]" time="0.000" /><testcase classname="tests.settings.test_schema.TestChoiceSpecsHaveChoices" name="test_every_choice_has_non_empty_choices[schema1-project]" time="0.000" /><testcase classname="tests.settings.test_schema.TestNumericBounds" name="test_numeric_specs_have_valid_bounds[schema0]" time="0.000" /><testcase classname="tests.settings.test_schema.TestNumericBounds" name="test_numeric_specs_have_valid_bounds[schema1]" time="0.000" /><testcase classname="tests.settings.test_schema.TestGlobalSpecsScope" name="test_all_global_specs_have_global_scope" time="0.000" /><testcase classname="tests.settings.test_schema.TestProjectSpecsScope" name="test_all_project_specs_have_project_scope" time="0.000" /><testcase classname="tests.settings.test_schema.TestSchemaByScope" name="test_contains_global" time="0.000" /><testcase classname="tests.settings.test_schema.TestSchemaByScope" name="test_contains_project" time="0.000" /><testcase classname="tests.settings.test_schema.TestSchemaByScope" name="test_only_contains_known_scopes" time="0.000" /><testcase classname="tests.settings.test_schema.TestGetSchema" name="test_get_global_returns_global_schema" time="0.000" /><testcase classname="tests.settings.test_schema.TestGetSchema" name="test_get_project_returns_project_schema" time="0.000" /><testcase classname="tests.settings.test_schema.TestHighlightDelaySpec" name="test_key_exists" time="0.000" /><testcase classname="tests.settings.test_schema.TestHighlightDelaySpec" name="test_type_is_integer" time="0.000" /><testcase classname="tests.settings.test_schema.TestHighlightDelaySpec" name="test_default_is_300" time="0.000" /><testcase classname="tests.settings.test_schema.TestHighlightDelaySpec" name="test_default_allows_zero" time="0.000" /><testcase classname="tests.settings.test_schema.TestHighlightDelaySpec" name="test_min_is_zero" time="0.000" /><testcase classname="tests.settings.test_schema.TestHighlightDelaySpec" name="test_max_is_5000" time="0.000" /><testcase classname="tests.settings.test_schema.TestHighlightDelaySpec" name="test_negative_value_rejected" time="0.000" /><testcase classname="tests.settings.test_schema.TestHighlightDelaySpec" name="test_value_above_max_rejected" time="0.000" /><testcase classname="tests.settings.test_schema.TestHighlightDelaySpec" name="test_scope_is_global" time="0.000" /><testcase classname="tests.settings.test_schema.TestHighlightDelaySpec" name="test_round_trip_via_global_settings" time="0.017" /><testcase classname="tests.settings.test_schema.TestHighlightDelaySpec" name="test_global_settings_default_when_unset" time="0.003" /><testcase classname="tests.settings.test_schema.TestLargeFileThresholdSpec" name="test_key_exists" time="0.000" /><testcase classname="tests.settings.test_schema.TestLargeFileThresholdSpec" name="test_type_is_integer" time="0.000" /><testcase classname="tests.settings.test_schema.TestLargeFileThresholdSpec" name="test_default_is_5_mib" time="0.000" /><testcase classname="tests.settings.test_schema.TestLargeFileThresholdSpec" name="test_default_allows_zero" time="0.000" /><testcase classname="tests.settings.test_schema.TestLargeFileThresholdSpec" name="test_min_is_zero" time="0.000" /><testcase classname="tests.settings.test_schema.TestLargeFileThresholdSpec" name="test_max_is_1_gib" time="0.000" /><testcase classname="tests.settings.test_schema.TestLargeFileThresholdSpec" name="test_negative_value_rejected" time="0.000" /><testcase classname="tests.settings.test_schema.TestLargeFileThresholdSpec" name="test_value_above_max_rejected" time="0.000" /><testcase classname="tests.settings.test_schema.TestLargeFileThresholdSpec" name="test_scope_is_global" time="0.000" /><testcase classname="tests.settings.test_schema.TestLargeFileThresholdSpec" name="test_round_trip_via_global_settings" time="0.005" /><testcase classname="tests.settings.test_schema.TestLargeFileThresholdSpec" name="test_global_settings_default_when_unset" time="0.003" /><testcase classname="tests.settings.test_settings_nav.TestGroupKey" name="test_with_dot_returns_prefix" time="0.001" /><testcase classname="tests.settings.test_settings_nav.TestGroupKey" name="test_with_multiple_dots_uses_first_segment" time="0.000" /><testcase classname="tests.settings.test_settings_nav.TestGroupKey" name="test_without_dot_returns_underscore" time="0.000" /><testcase classname="tests.settings.test_settings_nav.TestGroupKey" name="test_empty_string_returns_underscore" time="0.000" /><testcase classname="tests.settings.test_settings_nav.TestNodeIdRoundtrip" name="test_roundtrip[global-None-None]" time="0.000" /><testcase classname="tests.settings.test_settings_nav.TestNodeIdRoundtrip" name="test_roundtrip[project-None-None]" time="0.000" /><testcase classname="tests.settings.test_settings_nav.TestNodeIdRoundtrip" name="test_roundtrip[global-ui-None]" time="0.000" /><testcase classname="tests.settings.test_settings_nav.TestNodeIdRoundtrip" name="test_roundtrip[global-editor-None]" time="0.000" /><testcase classname="tests.settings.test_settings_nav.TestNodeIdRoundtrip" name="test_roundtrip[global-ui-ui.theme]" time="0.000" /><testcase classname="tests.settings.test_settings_nav.TestNodeIdRoundtrip" name="test_roundtrip[project-project-project.python_interpreter]" time="0.000" /><testcase classname="tests.settings.test_settings_nav.TestNodeIdRoundtrip" name="test_roundtrip[project-checker-checker.enabled]" time="0.000" /><testcase classname="tests.settings.test_settings_nav.TestNodeIdRoundtrip" name="test_scope_root_iid" time="0.000" /><testcase classname="tests.settings.test_settings_nav.TestNodeIdRoundtrip" name="test_group_iid_uses_single_colon" time="0.000" /><testcase classname="tests.settings.test_settings_nav.TestNodeIdRoundtrip" name="test_leaf_iid_uses_two_colons" time="0.000" /><testcase classname="tests.settings.test_settings_nav.TestNodeIdRoundtrip" name="test_parse_node_id_scope_root" time="0.000" /><testcase classname="tests.settings.test_settings_nav.TestNodeIdRoundtrip" name="test_parse_node_id_group" time="0.001" /><testcase classname="tests.settings.test_settings_nav.TestNodeIdRoundtrip" name="test_parse_node_id_leaf" time="0.000" /><testcase classname="tests.settings.test_settings_nav.TestGroupKeysForSchema" name="test_returns_ordered_dict" time="0.000" /><testcase classname="tests.settings.test_settings_nav.TestGroupKeysForSchema" name="test_global_schema_groups" time="0.000" /><testcase classname="tests.settings.test_settings_nav.TestGroupKeysForSchema" name="test_project_schema_groups" time="0.000" /><testcase classname="tests.settings.test_settings_nav.TestGroupKeysForSchema" name="test_global_ui_group_keys_in_order" time="0.000" /><testcase classname="tests.settings.test_settings_nav.TestGroupKeysForSchema" name="test_global_ui_group_labels_use_spec_label" time="0.000" /><testcase classname="tests.settings.test_settings_nav.TestGroupKeysForSchema" name="test_global_editor_group_keys_in_order" time="0.000" /><testcase classname="tests.settings.test_settings_nav.TestGroupKeysForSchema" name="test_project_group_keys_in_order" time="0.000" /><testcase classname="tests.settings.test_settings_nav.TestGroupKeysForSchema" name="test_checker_group_appears_in_both_scopes" time="0.000" /><testcase classname="tests.settings.test_settings_nav.TestGroupKeysForSchema" name="test_label_falls_back_to_key_when_empty" time="0.000" /><testcase classname="tests.settings.test_settings_nav.TestSchemaToIidMapping" name="test_global_schema_yields_expected_iids" time="0.000" /><testcase classname="tests.settings.test_settings_nav.TestSchemaToIidMapping" name="test_project_schema_yields_expected_iids" time="0.000" /><testcase classname="tests.settings.test_settings_nav.TestSchemaToIidMapping" name="test_no_duplicate_iids_across_scopes" time="0.000" /><testcase classname="tests.settings.test_storage.TestDefaults" name="test_get_returns_schema_default" time="0.002" /><testcase classname="tests.settings.test_storage.TestDefaults" name="test_has_is_false_for_unset" time="0.002" /><testcase classname="tests.settings.test_storage.TestSet" name="test_set_updates_get_and_has" time="0.001" /><testcase classname="tests.settings.test_storage.TestSet" name="test_set_emits_event_with_correct_payload" time="0.001" /><testcase classname="tests.settings.test_storage.TestSet" name="test_set_same_value_does_not_emit_event" time="0.002" /><testcase classname="tests.settings.test_storage.TestSet" name="test_set_to_different_value_emits_event" time="0.002" /><testcase classname="tests.settings.test_storage.TestSet" name="test_invalid_value_raises_and_does_not_mutate" time="0.002" /><testcase classname="tests.settings.test_storage.TestSet" name="test_invalid_choice_raises" time="0.002" /><testcase classname="tests.settings.test_storage.TestSet" name="test_unknown_key_raises_key_error" time="0.001" /><testcase classname="tests.settings.test_storage.TestAllAndDefined" name="test_all_contains_every_schema_key" time="0.001" /><testcase classname="tests.settings.test_storage.TestAllAndDefined" name="test_all_reflects_overrides" time="0.001" /><testcase classname="tests.settings.test_storage.TestAllAndDefined" name="test_defined_only_returns_overrides" time="0.002" /><testcase classname="tests.settings.test_storage.TestReset" name="test_reset_key_restores_default" time="0.002" /><testcase classname="tests.settings.test_storage.TestReset" name="test_reset_undefined_key_is_noop" time="0.002" /><testcase classname="tests.settings.test_storage.TestReset" name="test_reset_all_emits_bulk_event" time="0.001" /><testcase classname="tests.settings.test_storage.TestReset" name="test_reset_all_on_empty_does_not_emit" time="0.001" /><testcase classname="tests.settings.test_storage.TestSaveAndLoad" name="test_save_creates_file_with_valid_json" time="0.015" /><testcase classname="tests.settings.test_storage.TestSaveAndLoad" name="test_load_roundtrip_restores_values" time="0.017" /><testcase classname="tests.settings.test_storage.TestSaveAndLoad" name="test_load_drops_unknown_keys" time="0.004" /><testcase classname="tests.settings.test_storage.TestSaveAndLoad" name="test_load_drops_invalid_values" time="0.004" /><testcase classname="tests.settings.test_storage.TestSaveAndLoad" name="test_load_missing_file_is_silent" time="0.002" /><testcase classname="tests.settings.test_storage.TestSaveAndLoad" name="test_load_corrupt_file_silently_falls_back" time="0.014" /><testcase classname="tests.settings.test_storage.TestSaveAndLoad" name="test_load_non_dict_payload_silently_falls_back" time="0.003" /><testcase classname="tests.settings.test_storage.TestConcurrency" name="test_concurrent_sets_to_single_key" time="0.005" /><testcase classname="tests.settings.test_storage.TestConcurrency" name="test_concurrent_sets_across_many_keys" time="0.005" /><testcase classname="tests.settings.test_storage.TestListenerIsolation" name="test_failing_listener_does_not_break_others" time="0.002" /><testcase classname="tests.settings.test_storage.TestListenerIsolation" name="test_subsequent_set_works_after_listener_exception" time="0.002" /><testcase classname="tests.suggestion.test_base.TestSuggestionBlock" name="test_basic_construction" time="0.001" /><testcase classname="tests.suggestion.test_base.TestSuggestionBlock" name="test_position_zero" time="0.000" /><testcase classname="tests.suggestion.test_base.TestSuggestionBlock" name="test_equality" time="0.000" /><testcase classname="tests.suggestion.test_base.TestSuggestionBlock" name="test_required_fields" time="0.000" /><testcase classname="tests.suggestion.test_base.TestDOMScope" name="test_basic_construction" time="0.000" /><testcase classname="tests.suggestion.test_base.TestDOMScope" name="test_nested_scopes" time="0.000" /><testcase classname="tests.suggestion.test_base.TestDOMScope" name="test_typo_varibles_preserved" time="0.000" /><testcase classname="tests.suggestion.test_base.TestDOMScope" name="test_equality" time="0.000" /><testcase classname="tests.suggestion.test_base.TestSuggestionExpert" name="test_cannot_instantiate_abstract_class" time="0.000" /><testcase classname="tests.suggestion.test_base.TestSuggestionExpert" name="test_must_implement_suggest" time="0.000" /><testcase classname="tests.suggestion.test_base.TestSuggestionExpert" name="test_must_implement_get_languange_exts" time="0.000" /><testcase classname="tests.suggestion.test_base.TestSuggestionExpert" name="test_subclass_can_be_instantiated" time="0.000" /><testcase classname="tests.suggestion.test_base.TestPackageInit" name="test_init_can_be_imported" time="0.000" /><testcase classname="tests.suggestion.test_base.TestPackageInit" name="test_c_suggestion_expert_exists" time="0.000" /><testcase classname="tests.suggestion.test_base.TestPackageInit" name="test_cpp_suggestion_expert_exists" time="0.000" /><testcase classname="tests.suggestion.test_c.TestBasicInterface" name="test_get_languange_exts" time="0.000" /><testcase classname="tests.suggestion.test_c.TestBasicInterface" name="test_suggest_returns_list" time="0.002" /><testcase classname="tests.suggestion.test_c.TestBasicInterface" name="test_suggest_is_sorted_and_unique" time="0.001"><failure message="TypeError: unhashable type: 'SuggestionItem'">tests\suggestion\test_c.py:30: in test_suggest_is_sorted_and_unique
    assert result == sorted(set(result))
                            ^^^^^^^^^^^
E   TypeError: unhashable type: 'SuggestionItem'</failure></testcase><testcase classname="tests.suggestion.test_c.TestIdentifierSuggestion" name="test_includes_c_keywords" time="0.001"><failure message="AssertionError: missing keyword: int&#10;assert 'int' in [SuggestionItem(label='#define', priority=15, kind='preprocessor'), SuggestionItem(label='#elif', priority=15, kind='preprocessor'), SuggestionItem(label='#else', priority=15, kind='preprocessor'), SuggestionItem(label='#endif', priority=15, kind='preprocessor'), SuggestionItem(label='#error', priority=15, kind='preprocessor'), SuggestionItem(label='#if', priority=15, kind='preprocessor'), ...]">tests\suggestion\test_c.py:38: in test_includes_c_keywords
    assert kw in result, f"missing keyword: {kw}"
E   AssertionError: missing keyword: int
E   assert 'int' in [SuggestionItem(label='#define', priority=15, kind='preprocessor'), SuggestionItem(label='#elif', priority=15, kind='preprocessor'), SuggestionItem(label='#else', priority=15, kind='preprocessor'), SuggestionItem(label='#endif', priority=15, kind='preprocessor'), SuggestionItem(label='#error', priority=15, kind='preprocessor'), SuggestionItem(label='#if', priority=15, kind='preprocessor'), ...]</failure></testcase><testcase classname="tests.suggestion.test_c.TestIdentifierSuggestion" name="test_includes_builtins" time="0.001"><failure message="AssertionError: assert 'printf' in [SuggestionItem(label='#define', priority=15, kind='preprocessor'), SuggestionItem(label='#elif', priority=15, kind='preprocessor'), SuggestionItem(label='#else', priority=15, kind='preprocessor'), SuggestionItem(label='#endif', priority=15, kind='preprocessor'), SuggestionItem(label='#error', priority=15, kind='preprocessor'), SuggestionItem(label='#if', priority=15, kind='preprocessor'), ...]">tests\suggestion\test_c.py:44: in test_includes_builtins
    assert name in result
E   AssertionError: assert 'printf' in [SuggestionItem(label='#define', priority=15, kind='preprocessor'), SuggestionItem(label='#elif', priority=15, kind='preprocessor'), SuggestionItem(label='#else', priority=15, kind='preprocessor'), SuggestionItem(label='#endif', priority=15, kind='preprocessor'), SuggestionItem(label='#error', priority=15, kind='preprocessor'), SuggestionItem(label='#if', priority=15, kind='preprocessor'), ...]</failure></testcase><testcase classname="tests.suggestion.test_c.TestIdentifierSuggestion" name="test_includes_preprocessor_keywords" time="0.000"><failure message="AssertionError: assert '#define' in [SuggestionItem(label='#define', priority=15, kind='preprocessor'), SuggestionItem(label='#elif', priority=15, kind='preprocessor'), SuggestionItem(label='#else', priority=15, kind='preprocessor'), SuggestionItem(label='#endif', priority=15, kind='preprocessor'), SuggestionItem(label='#error', priority=15, kind='preprocessor'), SuggestionItem(label='#if', priority=15, kind='preprocessor'), ...]">tests\suggestion\test_c.py:50: in test_includes_preprocessor_keywords
    assert kw in result
E   AssertionError: assert '#define' in [SuggestionItem(label='#define', priority=15, kind='preprocessor'), SuggestionItem(label='#elif', priority=15, kind='preprocessor'), SuggestionItem(label='#else', priority=15, kind='preprocessor'), SuggestionItem(label='#endif', priority=15, kind='preprocessor'), SuggestionItem(label='#error', priority=15, kind='preprocessor'), SuggestionItem(label='#if', priority=15, kind='preprocessor'), ...]</failure></testcase><testcase classname="tests.suggestion.test_c.TestIdentifierSuggestion" name="test_prefix_filter" time="0.000"><failure message="AttributeError: 'SuggestionItem' object has no attribute 'startswith'">tests\suggestion\test_c.py:57: in test_prefix_filter
    assert s.startswith("int"), f"unexpected suggestion: {s!r}"
           ^^^^^^^^^^^^
E   AttributeError: 'SuggestionItem' object has no attribute 'startswith'</failure></testcase><testcase classname="tests.suggestion.test_c.TestIdentifierSuggestion" name="test_no_match_returns_empty" time="0.000" /><testcase classname="tests.suggestion.test_c.TestIdentifierSuggestion" name="test_function_in_scope_is_suggested" time="0.001"><failure message="AssertionError: assert 'helper' in [SuggestionItem(label='helper', priority=5, kind='function'), SuggestionItem(label='#define', priority=15, kind='preprocessor'), SuggestionItem(label='#elif', priority=15, kind='preprocessor'), SuggestionItem(label='#else', priority=15, kind='preprocessor'), SuggestionItem(label='#endif', priority=15, kind='preprocessor'), SuggestionItem(label='#error', priority=15, kind='preprocessor'), ...]">tests\suggestion\test_c.py:75: in test_function_in_scope_is_suggested
    assert "helper" in result
E   AssertionError: assert 'helper' in [SuggestionItem(label='helper', priority=5, kind='function'), SuggestionItem(label='#define', priority=15, kind='preprocessor'), SuggestionItem(label='#elif', priority=15, kind='preprocessor'), SuggestionItem(label='#else', priority=15, kind='preprocessor'), SuggestionItem(label='#endif', priority=15, kind='preprocessor'), SuggestionItem(label='#error', priority=15, kind='preprocessor'), ...]</failure></testcase><testcase classname="tests.suggestion.test_c.TestAttributeSuggestion" name="test_dot_suggests_attributes" time="0.000"><failure message="AssertionError: assert 'x' in [SuggestionItem(label='bottom', priority=30, kind='attribute'), SuggestionItem(label='buf', priority=30, kind='attribute'), SuggestionItem(label='count', priority=30, kind='attribute'), SuggestionItem(label='data', priority=30, kind='attribute'), SuggestionItem(label='height', priority=30, kind='attribute'), SuggestionItem(label='left', priority=30, kind='attribute'), ...]">tests\suggestion\test_c.py:87: in test_dot_suggests_attributes
    assert attr in result
E   AssertionError: assert 'x' in [SuggestionItem(label='bottom', priority=30, kind='attribute'), SuggestionItem(label='buf', priority=30, kind='attribute'), SuggestionItem(label='count', priority=30, kind='attribute'), SuggestionItem(label='data', priority=30, kind='attribute'), SuggestionItem(label='height', priority=30, kind='attribute'), SuggestionItem(label='left', priority=30, kind='attribute'), ...]</failure></testcase><testcase classname="tests.suggestion.test_c.TestAttributeSuggestion" name="test_arrow_suggests_attributes" time="0.000"><failure message="AssertionError: assert 'data' in [SuggestionItem(label='bottom', priority=30, kind='attribute'), SuggestionItem(label='buf', priority=30, kind='attribute'), SuggestionItem(label='count', priority=30, kind='attribute'), SuggestionItem(label='data', priority=30, kind='attribute'), SuggestionItem(label='height', priority=30, kind='attribute'), SuggestionItem(label='left', priority=30, kind='attribute'), ...]">tests\suggestion\test_c.py:96: in test_arrow_suggests_attributes
    assert "data" in result
E   AssertionError: assert 'data' in [SuggestionItem(label='bottom', priority=30, kind='attribute'), SuggestionItem(label='buf', priority=30, kind='attribute'), SuggestionItem(label='count', priority=30, kind='attribute'), SuggestionItem(label='data', priority=30, kind='attribute'), SuggestionItem(label='height', priority=30, kind='attribute'), SuggestionItem(label='left', priority=30, kind='attribute'), ...]</failure></testcase><testcase classname="tests.suggestion.test_c.TestAttributeSuggestion" name="test_attribute_prefix_filter" time="0.000"><failure message="AttributeError: 'SuggestionItem' object has no attribute 'startswith'">tests\suggestion\test_c.py:105: in test_attribute_prefix_filter
    assert s.startswith("da"), f"unexpected suggestion: {s!r}"
           ^^^^^^^^^^^^
E   AttributeError: 'SuggestionItem' object has no attribute 'startswith'</failure></testcase><testcase classname="tests.suggestion.test_c.TestStructAndFunction" name="test_struct_found_in_scope" time="0.001"><failure message="AssertionError: assert 'Point' in [SuggestionItem(label='#define', priority=15, kind='preprocessor'), SuggestionItem(label='#elif', priority=15, kind='preprocessor'), SuggestionItem(label='#else', priority=15, kind='preprocessor'), SuggestionItem(label='#endif', priority=15, kind='preprocessor'), SuggestionItem(label='#error', priority=15, kind='preprocessor'), SuggestionItem(label='#if', priority=15, kind='preprocessor'), ...]">tests\suggestion\test_c.py:120: in test_struct_found_in_scope
    assert "Point" in result
E   AssertionError: assert 'Point' in [SuggestionItem(label='#define', priority=15, kind='preprocessor'), SuggestionItem(label='#elif', priority=15, kind='preprocessor'), SuggestionItem(label='#else', priority=15, kind='preprocessor'), SuggestionItem(label='#endif', priority=15, kind='preprocessor'), SuggestionItem(label='#error', priority=15, kind='preprocessor'), SuggestionItem(label='#if', priority=15, kind='preprocessor'), ...]</failure></testcase><testcase classname="tests.suggestion.test_c.TestStructAndFunction" name="test_typedef_found_in_scope" time="0.001"><failure message="AssertionError: assert 'MyInt' in [SuggestionItem(label='#define', priority=15, kind='preprocessor'), SuggestionItem(label='#elif', priority=15, kind='preprocessor'), SuggestionItem(label='#else', priority=15, kind='preprocessor'), SuggestionItem(label='#endif', priority=15, kind='preprocessor'), SuggestionItem(label='#error', priority=15, kind='preprocessor'), SuggestionItem(label='#if', priority=15, kind='preprocessor'), ...]">tests\suggestion\test_c.py:127: in test_typedef_found_in_scope
    assert "MyInt" in result
E   AssertionError: assert 'MyInt' in [SuggestionItem(label='#define', priority=15, kind='preprocessor'), SuggestionItem(label='#elif', priority=15, kind='preprocessor'), SuggestionItem(label='#else', priority=15, kind='preprocessor'), SuggestionItem(label='#endif', priority=15, kind='preprocessor'), SuggestionItem(label='#error', priority=15, kind='preprocessor'), SuggestionItem(label='#if', priority=15, kind='preprocessor'), ...]</failure></testcase><testcase classname="tests.suggestion.test_cpp.TestBasicInterface" name="test_get_languange_exts" time="0.000" /><testcase classname="tests.suggestion.test_cpp.TestBasicInterface" name="test_suggest_returns_list" time="0.002" /><testcase classname="tests.suggestion.test_cpp.TestBasicInterface" name="test_suggest_is_sorted_and_unique" time="0.000"><failure message="TypeError: unhashable type: 'SuggestionItem'">tests\suggestion\test_cpp.py:31: in test_suggest_is_sorted_and_unique
    assert result == sorted(set(result))
                            ^^^^^^^^^^^
E   TypeError: unhashable type: 'SuggestionItem'</failure></testcase><testcase classname="tests.suggestion.test_cpp.TestIdentifierSuggestion" name="test_includes_cpp_keywords" time="0.001"><failure message="AssertionError: missing keyword: int&#10;assert 'int' in [SuggestionItem(label='alignas', priority=15, kind='keyword'), SuggestionItem(label='alignof', priority=15, kind='keyword'), SuggestionItem(label='and', priority=15, kind='keyword'), SuggestionItem(label='and_eq', priority=15, kind='keyword'), SuggestionItem(label='auto', priority=15, kind='keyword'), SuggestionItem(label='bitand', priority=15, kind='keyword'), ...]">tests\suggestion\test_cpp.py:39: in test_includes_cpp_keywords
    assert kw in result, f"missing keyword: {kw}"
E   AssertionError: missing keyword: int
E   assert 'int' in [SuggestionItem(label='alignas', priority=15, kind='keyword'), SuggestionItem(label='alignof', priority=15, kind='keyword'), SuggestionItem(label='and', priority=15, kind='keyword'), SuggestionItem(label='and_eq', priority=15, kind='keyword'), SuggestionItem(label='auto', priority=15, kind='keyword'), SuggestionItem(label='bitand', priority=15, kind='keyword'), ...]</failure></testcase><testcase classname="tests.suggestion.test_cpp.TestIdentifierSuggestion" name="test_includes_builtins" time="0.001"><failure message="AssertionError: assert 'printf' in [SuggestionItem(label='alignas', priority=15, kind='keyword'), SuggestionItem(label='alignof', priority=15, kind='keyword'), SuggestionItem(label='and', priority=15, kind='keyword'), SuggestionItem(label='and_eq', priority=15, kind='keyword'), SuggestionItem(label='auto', priority=15, kind='keyword'), SuggestionItem(label='bitand', priority=15, kind='keyword'), ...]">tests\suggestion\test_cpp.py:45: in test_includes_builtins
    assert name in result
E   AssertionError: assert 'printf' in [SuggestionItem(label='alignas', priority=15, kind='keyword'), SuggestionItem(label='alignof', priority=15, kind='keyword'), SuggestionItem(label='and', priority=15, kind='keyword'), SuggestionItem(label='and_eq', priority=15, kind='keyword'), SuggestionItem(label='auto', priority=15, kind='keyword'), SuggestionItem(label='bitand', priority=15, kind='keyword'), ...]</failure></testcase><testcase classname="tests.suggestion.test_cpp.TestIdentifierSuggestion" name="test_prefix_filter" time="0.001"><failure message="AttributeError: 'SuggestionItem' object has no attribute 'startswith'">tests\suggestion\test_cpp.py:52: in test_prefix_filter
    assert s.startswith("vec"), f"unexpected suggestion: {s!r}"
           ^^^^^^^^^^^^
E   AttributeError: 'SuggestionItem' object has no attribute 'startswith'</failure></testcase><testcase classname="tests.suggestion.test_cpp.TestIdentifierSuggestion" name="test_no_match_returns_empty" time="0.000" /><testcase classname="tests.suggestion.test_cpp.TestIdentifierSuggestion" name="test_function_in_scope_is_suggested" time="0.001"><failure message="AssertionError: assert 'helper' in [SuggestionItem(label='helper', priority=5, kind='function'), SuggestionItem(label='alignas', priority=15, kind='keyword'), SuggestionItem(label='alignof', priority=15, kind='keyword'), SuggestionItem(label='and', priority=15, kind='keyword'), SuggestionItem(label='and_eq', priority=15, kind='keyword'), SuggestionItem(label='auto', priority=15, kind='keyword'), ...]">tests\suggestion\test_cpp.py:70: in test_function_in_scope_is_suggested
    assert "helper" in result
E   AssertionError: assert 'helper' in [SuggestionItem(label='helper', priority=5, kind='function'), SuggestionItem(label='alignas', priority=15, kind='keyword'), SuggestionItem(label='alignof', priority=15, kind='keyword'), SuggestionItem(label='and', priority=15, kind='keyword'), SuggestionItem(label='and_eq', priority=15, kind='keyword'), SuggestionItem(label='auto', priority=15, kind='keyword'), ...]</failure></testcase><testcase classname="tests.suggestion.test_cpp.TestIdentifierSuggestion" name="test_class_in_scope_is_suggested" time="0.001"><failure message="AssertionError: assert 'Greeter' in [SuggestionItem(label='greet', priority=5, kind='function'), SuggestionItem(label='alignas', priority=15, kind='keyword'), SuggestionItem(label='alignof', priority=15, kind='keyword'), SuggestionItem(label='and', priority=15, kind='keyword'), SuggestionItem(label='and_eq', priority=15, kind='keyword'), SuggestionItem(label='auto', priority=15, kind='keyword'), ...]">tests\suggestion\test_cpp.py:83: in test_class_in_scope_is_suggested
    assert "Greeter" in result
E   AssertionError: assert 'Greeter' in [SuggestionItem(label='greet', priority=5, kind='function'), SuggestionItem(label='alignas', priority=15, kind='keyword'), SuggestionItem(label='alignof', priority=15, kind='keyword'), SuggestionItem(label='and', priority=15, kind='keyword'), SuggestionItem(label='and_eq', priority=15, kind='keyword'), SuggestionItem(label='auto', priority=15, kind='keyword'), ...]</failure></testcase><testcase classname="tests.suggestion.test_cpp.TestAttributeSuggestion" name="test_dot_suggests_attributes" time="0.000"><failure message="AssertionError: assert 'begin' in [SuggestionItem(label='append', priority=30, kind='attribute'), SuggestionItem(label='begin', priority=30, kind='attribute'), SuggestionItem(label='c_str', priority=30, kind='attribute'), SuggestionItem(label='capacity', priority=30, kind='attribute'), SuggestionItem(label='clear', priority=30, kind='attribute'), SuggestionItem(label='copy', priority=30, kind='attribute'), ...]">tests\suggestion\test_cpp.py:95: in test_dot_suggests_attributes
    assert attr in result
E   AssertionError: assert 'begin' in [SuggestionItem(label='append', priority=30, kind='attribute'), SuggestionItem(label='begin', priority=30, kind='attribute'), SuggestionItem(label='c_str', priority=30, kind='attribute'), SuggestionItem(label='capacity', priority=30, kind='attribute'), SuggestionItem(label='clear', priority=30, kind='attribute'), SuggestionItem(label='copy', priority=30, kind='attribute'), ...]</failure></testcase><testcase classname="tests.suggestion.test_cpp.TestAttributeSuggestion" name="test_arrow_suggests_attributes" time="0.000"><failure message="AssertionError: assert 'size' in [SuggestionItem(label='append', priority=30, kind='attribute'), SuggestionItem(label='begin', priority=30, kind='attribute'), SuggestionItem(label='c_str', priority=30, kind='attribute'), SuggestionItem(label='capacity', priority=30, kind='attribute'), SuggestionItem(label='clear', priority=30, kind='attribute'), SuggestionItem(label='copy', priority=30, kind='attribute'), ...]">tests\suggestion\test_cpp.py:104: in test_arrow_suggests_attributes
    assert "size" in result
E   AssertionError: assert 'size' in [SuggestionItem(label='append', priority=30, kind='attribute'), SuggestionItem(label='begin', priority=30, kind='attribute'), SuggestionItem(label='c_str', priority=30, kind='attribute'), SuggestionItem(label='capacity', priority=30, kind='attribute'), SuggestionItem(label='clear', priority=30, kind='attribute'), SuggestionItem(label='copy', priority=30, kind='attribute'), ...]</failure></testcase><testcase classname="tests.suggestion.test_cpp.TestAttributeSuggestion" name="test_attribute_prefix_filter" time="0.000"><failure message="AttributeError: 'SuggestionItem' object has no attribute 'startswith'">tests\suggestion\test_cpp.py:114: in test_attribute_prefix_filter
    assert s.startswith("si"), f"unexpected suggestion: {s!r}"
           ^^^^^^^^^^^^
E   AttributeError: 'SuggestionItem' object has no attribute 'startswith'</failure></testcase><testcase classname="tests.suggestion.test_cpp.TestScopeSuggestion" name="test_scope_suggests_std_members" time="0.000"><failure message="AssertionError: assert 'cout' in [SuggestionItem(label='cin', priority=30, kind='builtin'), SuggestionItem(label='cout', priority=30, kind='builtin'), SuggestionItem(label='endl', priority=30, kind='builtin'), SuggestionItem(label='map', priority=30, kind='builtin'), SuggestionItem(label='set', priority=30, kind='builtin'), SuggestionItem(label='std', priority=30, kind='builtin'), ...]">tests\suggestion\test_cpp.py:125: in test_scope_suggests_std_members
    assert "cout" in result
E   AssertionError: assert 'cout' in [SuggestionItem(label='cin', priority=30, kind='builtin'), SuggestionItem(label='cout', priority=30, kind='builtin'), SuggestionItem(label='endl', priority=30, kind='builtin'), SuggestionItem(label='map', priority=30, kind='builtin'), SuggestionItem(label='set', priority=30, kind='builtin'), SuggestionItem(label='std', priority=30, kind='builtin'), ...]</failure></testcase><testcase classname="tests.suggestion.test_cpp.TestScopeSuggestion" name="test_scope_prefix_filter" time="0.000"><failure message="AttributeError: 'SuggestionItem' object has no attribute 'startswith'">tests\suggestion\test_cpp.py:138: in test_scope_prefix_filter
    assert s.startswith("co"), f"unexpected suggestion: {s!r}"
           ^^^^^^^^^^^^
E   AttributeError: 'SuggestionItem' object has no attribute 'startswith'</failure></testcase><testcase classname="tests.suggestion.test_cpp.TestNamespaceAndClass" name="test_namespace_found_in_scope" time="0.001"><failure message="AssertionError: assert 'mylib' in [SuggestionItem(label='foo', priority=5, kind='function'), SuggestionItem(label='alignas', priority=15, kind='keyword'), SuggestionItem(label='alignof', priority=15, kind='keyword'), SuggestionItem(label='and', priority=15, kind='keyword'), SuggestionItem(label='and_eq', priority=15, kind='keyword'), SuggestionItem(label='auto', priority=15, kind='keyword'), ...]">tests\suggestion\test_cpp.py:152: in test_namespace_found_in_scope
    assert "mylib" in result
E   AssertionError: assert 'mylib' in [SuggestionItem(label='foo', priority=5, kind='function'), SuggestionItem(label='alignas', priority=15, kind='keyword'), SuggestionItem(label='alignof', priority=15, kind='keyword'), SuggestionItem(label='and', priority=15, kind='keyword'), SuggestionItem(label='and_eq', priority=15, kind='keyword'), SuggestionItem(label='auto', priority=15, kind='keyword'), ...]</failure></testcase><testcase classname="tests.suggestion.test_cpp.TestNamespaceAndClass" name="test_enum_found_in_scope" time="0.001"><failure message="AssertionError: assert 'Color' in [SuggestionItem(label='Color', priority=5, kind='function'), SuggestionItem(label='alignas', priority=15, kind='keyword'), SuggestionItem(label='alignof', priority=15, kind='keyword'), SuggestionItem(label='and', priority=15, kind='keyword'), SuggestionItem(label='and_eq', priority=15, kind='keyword'), SuggestionItem(label='auto', priority=15, kind='keyword'), ...]">tests\suggestion\test_cpp.py:159: in test_enum_found_in_scope
    assert "Color" in result
E   AssertionError: assert 'Color' in [SuggestionItem(label='Color', priority=5, kind='function'), SuggestionItem(label='alignas', priority=15, kind='keyword'), SuggestionItem(label='alignof', priority=15, kind='keyword'), SuggestionItem(label='and', priority=15, kind='keyword'), SuggestionItem(label='and_eq', priority=15, kind='keyword'), SuggestionItem(label='auto', priority=15, kind='keyword'), ...]</failure></testcase><testcase classname="tests.suggestion.test_python.TestBasicInterface" name="test_get_languange_exts" time="0.000" /><testcase classname="tests.suggestion.test_python.TestBasicInterface" name="test_suggest_returns_list" time="0.002" /><testcase classname="tests.suggestion.test_python.TestBasicInterface" name="test_suggest_is_sorted_and_unique" time="0.001"><failure message="TypeError: unhashable type: 'SuggestionItem'">tests\suggestion\test_python.py:44: in test_suggest_is_sorted_and_unique
    assert result == sorted(set(result))
                            ^^^^^^^^^^^
E   TypeError: unhashable type: 'SuggestionItem'</failure></testcase><testcase classname="tests.suggestion.test_python.TestIterClassesAndFunctions" name="test_iter_classes_finds_all_classes" time="0.000" /><testcase classname="tests.suggestion.test_python.TestIterClassesAndFunctions" name="test_iter_classes_with_inheritance" time="0.000" /><testcase classname="tests.suggestion.test_python.TestIterClassesAndFunctions" name="test_iter_function_finds_all_functions" time="0.000" /><testcase classname="tests.suggestion.test_python.TestIterClassesAndFunctions" name="test_iter_classes_empty" time="0.000" /><testcase classname="tests.suggestion.test_python.TestIterClassesAndFunctions" name="test_iter_function_empty" time="0.000" /><testcase classname="tests.suggestion.test_python.TestFindDomin" name="test_root_scope_when_no_definitions" time="0.000" /><testcase classname="tests.suggestion.test_python.TestFindDomin" name="test_finds_top_level_class" time="0.000" /><testcase classname="tests.suggestion.test_python.TestFindDomin" name="test_finds_inner_class_when_inside_it" time="0.000" /><testcase classname="tests.suggestion.test_python.TestIdentifierSuggestion" name="test_includes_keywords" time="0.001"><failure message="AssertionError: missing keyword: if&#10;assert 'if' in [SuggestionItem(label='and', priority=15, kind='keyword'), SuggestionItem(label='as', priority=15, kind='keyword'), SuggestionItem(label='assert', priority=15, kind='keyword'), SuggestionItem(label='async', priority=15, kind='keyword'), SuggestionItem(label='await', priority=15, kind='keyword'), SuggestionItem(label='break', priority=15, kind='keyword'), ...]">tests\suggestion\test_python.py:125: in test_includes_keywords
    assert kw in result, f"missing keyword: {kw}"
E   AssertionError: missing keyword: if
E   assert 'if' in [SuggestionItem(label='and', priority=15, kind='keyword'), SuggestionItem(label='as', priority=15, kind='keyword'), SuggestionItem(label='assert', priority=15, kind='keyword'), SuggestionItem(label='async', priority=15, kind='keyword'), SuggestionItem(label='await', priority=15, kind='keyword'), SuggestionItem(label='break', priority=15, kind='keyword'), ...]</failure></testcase><testcase classname="tests.suggestion.test_python.TestIdentifierSuggestion" name="test_includes_builtin_functions" time="0.001"><failure message="AssertionError: assert 'print' in [SuggestionItem(label='and', priority=15, kind='keyword'), SuggestionItem(label='as', priority=15, kind='keyword'), SuggestionItem(label='assert', priority=15, kind='keyword'), SuggestionItem(label='async', priority=15, kind='keyword'), SuggestionItem(label='await', priority=15, kind='keyword'), SuggestionItem(label='break', priority=15, kind='keyword'), ...]">tests\suggestion\test_python.py:131: in test_includes_builtin_functions
    assert name in result
E   AssertionError: assert 'print' in [SuggestionItem(label='and', priority=15, kind='keyword'), SuggestionItem(label='as', priority=15, kind='keyword'), SuggestionItem(label='assert', priority=15, kind='keyword'), SuggestionItem(label='async', priority=15, kind='keyword'), SuggestionItem(label='await', priority=15, kind='keyword'), SuggestionItem(label='break', priority=15, kind='keyword'), ...]</failure></testcase><testcase classname="tests.suggestion.test_python.TestIdentifierSuggestion" name="test_includes_builtin_classes" time="0.001"><failure message="AssertionError: assert 'list' in [SuggestionItem(label='and', priority=15, kind='keyword'), SuggestionItem(label='as', priority=15, kind='keyword'), SuggestionItem(label='assert', priority=15, kind='keyword'), SuggestionItem(label='async', priority=15, kind='keyword'), SuggestionItem(label='await', priority=15, kind='keyword'), SuggestionItem(label='break', priority=15, kind='keyword'), ...]">tests\suggestion\test_python.py:137: in test_includes_builtin_classes
    assert name in result
E   AssertionError: assert 'list' in [SuggestionItem(label='and', priority=15, kind='keyword'), SuggestionItem(label='as', priority=15, kind='keyword'), SuggestionItem(label='assert', priority=15, kind='keyword'), SuggestionItem(label='async', priority=15, kind='keyword'), SuggestionItem(label='await', priority=15, kind='keyword'), SuggestionItem(label='break', priority=15, kind='keyword'), ...]</failure></testcase><testcase classname="tests.suggestion.test_python.TestIdentifierSuggestion" name="test_includes_builtin_properties" time="0.001"><failure message="AssertionError: assert 'True' in [SuggestionItem(label='and', priority=15, kind='keyword'), SuggestionItem(label='as', priority=15, kind='keyword'), SuggestionItem(label='assert', priority=15, kind='keyword'), SuggestionItem(label='async', priority=15, kind='keyword'), SuggestionItem(label='await', priority=15, kind='keyword'), SuggestionItem(label='break', priority=15, kind='keyword'), ...]">tests\suggestion\test_python.py:143: in test_includes_builtin_properties
    assert name in result
E   AssertionError: assert 'True' in [SuggestionItem(label='and', priority=15, kind='keyword'), SuggestionItem(label='as', priority=15, kind='keyword'), SuggestionItem(label='assert', priority=15, kind='keyword'), SuggestionItem(label='async', priority=15, kind='keyword'), SuggestionItem(label='await', priority=15, kind='keyword'), SuggestionItem(label='break', priority=15, kind='keyword'), ...]</failure></testcase><testcase classname="tests.suggestion.test_python.TestIdentifierSuggestion" name="test_prefix_filter" time="0.000"><failure message="AttributeError: 'SuggestionItem' object has no attribute 'startswith'">tests\suggestion\test_python.py:152: in test_prefix_filter
    assert s.startswith("pr"), f"unexpected suggestion: {s!r}"
           ^^^^^^^^^^^^
E   AttributeError: 'SuggestionItem' object has no attribute 'startswith'</failure></testcase><testcase classname="tests.suggestion.test_python.TestIdentifierSuggestion" name="test_prefix_filter_for_print" time="0.001"><failure message="AssertionError: assert 'print' in [SuggestionItem(label='print', priority=30, kind='builtin')]">tests\suggestion\test_python.py:158: in test_prefix_filter_for_print
    assert "print" in result
E   AssertionError: assert 'print' in [SuggestionItem(label='print', priority=30, kind='builtin')]</failure></testcase><testcase classname="tests.suggestion.test_python.TestIdentifierSuggestion" name="test_no_match_returns_empty" time="0.000" /><testcase classname="tests.suggestion.test_python.TestIdentifierSuggestion" name="test_local_variables_are_suggested_with_prefix" time="0.000"><failure message="AssertionError: assert 'my_local_var' in [SuggestionItem(label='my_local_var', priority=10, kind='variable')]">tests\suggestion\test_python.py:174: in test_local_variables_are_suggested_with_prefix
    assert "my_local_var" in result
E   AssertionError: assert 'my_local_var' in [SuggestionItem(label='my_local_var', priority=10, kind='variable')]</failure></testcase><testcase classname="tests.suggestion.test_python.TestIdentifierSuggestion" name="test_function_in_scope_is_suggested" time="0.001"><failure message="AssertionError: assert 'helper' in [SuggestionItem(label='helper', priority=5, kind='function'), SuggestionItem(label='and', priority=15, kind='keyword'), SuggestionItem(label='as', priority=15, kind='keyword'), SuggestionItem(label='assert', priority=15, kind='keyword'), SuggestionItem(label='async', priority=15, kind='keyword'), SuggestionItem(label='await', priority=15, kind='keyword'), ...]">tests\suggestion\test_python.py:185: in test_function_in_scope_is_suggested
    assert "helper" in result
E   AssertionError: assert 'helper' in [SuggestionItem(label='helper', priority=5, kind='function'), SuggestionItem(label='and', priority=15, kind='keyword'), SuggestionItem(label='as', priority=15, kind='keyword'), SuggestionItem(label='assert', priority=15, kind='keyword'), SuggestionItem(label='async', priority=15, kind='keyword'), SuggestionItem(label='await', priority=15, kind='keyword'), ...]</failure></testcase><testcase classname="tests.suggestion.test_python.TestIdentifierSuggestion" name="test_class_in_scope_is_suggested" time="0.001"><failure message="AssertionError: assert 'Greeter' in [SuggestionItem(label='and', priority=15, kind='keyword'), SuggestionItem(label='as', priority=15, kind='keyword'), SuggestionItem(label='assert', priority=15, kind='keyword'), SuggestionItem(label='async', priority=15, kind='keyword'), SuggestionItem(label='await', priority=15, kind='keyword'), SuggestionItem(label='break', priority=15, kind='keyword'), ...]">tests\suggestion\test_python.py:196: in test_class_in_scope_is_suggested
    assert "Greeter" in result
E   AssertionError: assert 'Greeter' in [SuggestionItem(label='and', priority=15, kind='keyword'), SuggestionItem(label='as', priority=15, kind='keyword'), SuggestionItem(label='assert', priority=15, kind='keyword'), SuggestionItem(label='async', priority=15, kind='keyword'), SuggestionItem(label='await', priority=15, kind='keyword'), SuggestionItem(label='break', priority=15, kind='keyword'), ...]</failure></testcase><testcase classname="tests.suggestion.test_python.TestIdentifierSuggestion" name="test_root_functions_visible_in_nested_scope" time="0.001"><failure message="AssertionError: assert 'helper' in [SuggestionItem(label='helper', priority=5, kind='function'), SuggestionItem(label='runner', priority=5, kind='function'), SuggestionItem(label='and', priority=15, kind='keyword'), SuggestionItem(label='as', priority=15, kind='keyword'), SuggestionItem(label='assert', priority=15, kind='keyword'), SuggestionItem(label='async', priority=15, kind='keyword'), ...]">tests\suggestion\test_python.py:209: in test_root_functions_visible_in_nested_scope
    assert "helper" in result
E   AssertionError: assert 'helper' in [SuggestionItem(label='helper', priority=5, kind='function'), SuggestionItem(label='runner', priority=5, kind='function'), SuggestionItem(label='and', priority=15, kind='keyword'), SuggestionItem(label='as', priority=15, kind='keyword'), SuggestionItem(label='assert', priority=15, kind='keyword'), SuggestionItem(label='async', priority=15, kind='keyword'), ...]</failure></testcase><testcase classname="tests.suggestion.test_python.TestAttributeSuggestion" name="test_self_dot_suggests_class_methods" time="0.001"><failure message="AssertionError: assert 'greet' in [SuggestionItem(label='__class__', priority=5, kind='method'), SuggestionItem(label='__delattr__', priority=5, kind='method'), SuggestionItem(label='__dir__', priority=5, kind='method'), SuggestionItem(label='__doc__', priority=5, kind='method'), SuggestionItem(label='__eq__', priority=5, kind='method'), SuggestionItem(label='__format__', priority=5, kind='method'), ...]">tests\suggestion\test_python.py:229: in test_self_dot_suggests_class_methods
    assert "greet" in result
E   AssertionError: assert 'greet' in [SuggestionItem(label='__class__', priority=5, kind='method'), SuggestionItem(label='__delattr__', priority=5, kind='method'), SuggestionItem(label='__dir__', priority=5, kind='method'), SuggestionItem(label='__doc__', priority=5, kind='method'), SuggestionItem(label='__eq__', priority=5, kind='method'), SuggestionItem(label='__format__', priority=5, kind='method'), ...]</failure></testcase><testcase classname="tests.suggestion.test_python.TestAttributeSuggestion" name="test_self_dot_outside_class_returns_generic_dunders" time="0.001"><failure message="AssertionError: assert '__init__' in [SuggestionItem(label='__class__', priority=30, kind='attribute'), SuggestionItem(label='__delattr__', priority=30, kind='attribute'), SuggestionItem(label='__dir__', priority=30, kind='attribute'), SuggestionItem(label='__doc__', priority=30, kind='attribute'), SuggestionItem(label='__eq__', priority=30, kind='attribute'), SuggestionItem(label='__format__', priority=30, kind='attribute'), ...]">tests\suggestion\test_python.py:239: in test_self_dot_outside_class_returns_generic_dunders
    assert "__init__" in result
E   AssertionError: assert '__init__' in [SuggestionItem(label='__class__', priority=30, kind='attribute'), SuggestionItem(label='__delattr__', priority=30, kind='attribute'), SuggestionItem(label='__dir__', priority=30, kind='attribute'), SuggestionItem(label='__doc__', priority=30, kind='attribute'), SuggestionItem(label='__eq__', priority=30, kind='attribute'), SuggestionItem(label='__format__', priority=30, kind='attribute'), ...]</failure></testcase><testcase classname="tests.suggestion.test_python.TestAttributeSuggestion" name="test_str_dot_returns_str_attributes" time="0.001"><failure message="AssertionError: missing attribute: upper&#10;assert 'upper' in [SuggestionItem(label='__add__', priority=30, kind='attribute'), SuggestionItem(label='__class__', priority=30, kind='attribute'), SuggestionItem(label='__contains__', priority=30, kind='attribute'), SuggestionItem(label='__delattr__', priority=30, kind='attribute'), SuggestionItem(label='__dir__', priority=30, kind='attribute'), SuggestionItem(label='__doc__', priority=30, kind='attribute'), ...]">tests\suggestion\test_python.py:251: in test_str_dot_returns_str_attributes
    assert attr in result, f"missing attribute: {attr}"
E   AssertionError: missing attribute: upper
E   assert 'upper' in [SuggestionItem(label='__add__', priority=30, kind='attribute'), SuggestionItem(label='__class__', priority=30, kind='attribute'), SuggestionItem(label='__contains__', priority=30, kind='attribute'), SuggestionItem(label='__delattr__', priority=30, kind='attribute'), SuggestionItem(label='__dir__', priority=30, kind='attribute'), SuggestionItem(label='__doc__', priority=30, kind='attribute'), ...]</failure></testcase><testcase classname="tests.suggestion.test_python.TestAttributeSuggestion" name="test_unknown_typed_name_does_not_get_type_specific_attrs" time="0.001" /><testcase classname="tests.suggestion.test_python.TestAttributeSuggestion" name="test_int_dot_with_b_prefix" time="0.000"><failure message="AttributeError: 'SuggestionItem' object has no attribute 'startswith'">tests\suggestion\test_python.py:270: in test_int_dot_with_b_prefix
    assert s.startswith("b"), f"unexpected suggestion: {s!r}"
           ^^^^^^^^^^^^
E   AttributeError: 'SuggestionItem' object has no attribute 'startswith'</failure></testcase><testcase classname="tests.suggestion.test_python.TestAttributeSuggestion" name="test_unknown_object_returns_generic_dunders" time="0.001"><failure message="AssertionError: assert '__init__' in [SuggestionItem(label='__class__', priority=30, kind='attribute'), SuggestionItem(label='__delattr__', priority=30, kind='attribute'), SuggestionItem(label='__dir__', priority=30, kind='attribute'), SuggestionItem(label='__doc__', priority=30, kind='attribute'), SuggestionItem(label='__eq__', priority=30, kind='attribute'), SuggestionItem(label='__format__', priority=30, kind='attribute'), ...]">tests\suggestion\test_python.py:280: in test_unknown_object_returns_generic_dunders
    assert "__init__" in result
E   AssertionError: assert '__init__' in [SuggestionItem(label='__class__', priority=30, kind='attribute'), SuggestionItem(label='__delattr__', priority=30, kind='attribute'), SuggestionItem(label='__dir__', priority=30, kind='attribute'), SuggestionItem(label='__doc__', priority=30, kind='attribute'), SuggestionItem(label='__eq__', priority=30, kind='attribute'), SuggestionItem(label='__format__', priority=30, kind='attribute'), ...]</failure></testcase><testcase classname="tests.suggestion.test_python.TestAttributeSuggestion" name="test_attribute_prefix_filter" time="0.001"><failure message="AssertionError: assert [SuggestionIt...='attribute')] == ['upper']&#10;  &#10;  At index 0 diff: SuggestionItem(label='upper', priority=30, kind='attribute') != 'upper'&#10;  &#10;  Full diff:&#10;    [&#10;  -     'upper',&#10;  +     SuggestionItem(...&#10;  &#10;  ...Full output truncated (5 lines hidden), use '-vv' to show">tests\suggestion\test_python.py:290: in test_attribute_prefix_filter
    assert result == ["upper"]
E   AssertionError: assert [SuggestionIt...='attribute')] == ['upper']
E     
E     At index 0 diff: SuggestionItem(label='upper', priority=30, kind='attribute') != 'upper'
E     
E     Full diff:
E       [
E     -     'upper',
E     +     SuggestionItem(...
E     
E     ...Full output truncated (5 lines hidden), use '-vv' to show</failure></testcase><testcase classname="tests.suggestion.test_python.TestExtractVariables" name="test_simple_assignment" time="0.000" /><testcase classname="tests.suggestion.test_python.TestExtractVariables" name="test_tuple_assignment_not_supported" time="0.000" /><testcase classname="tests.suggestion.test_python.TestExtractVariables" name="test_for_loop_variable" time="0.000" /><testcase classname="tests.suggestion.test_python.TestExtractVariables" name="test_with_as_variable" time="0.000" /><testcase classname="tests.suggestion.test_python.TestExtractVariables" name="test_except_as_variable" time="0.000" /><testcase classname="tests.suggestion.test_python.TestExtractVariables" name="test_function_parameters" time="0.000" /><testcase classname="tests.suggestion.test_python.TestBuiltinConstants" name="test_builtin_functions_contains_common" time="0.000" /><testcase classname="tests.suggestion.test_python.TestBuiltinConstants" name="test_builtin_functions_does_not_contain_classes" time="0.000" /><testcase classname="tests.suggestion.test_python.TestBuiltinConstants" name="test_builtin_classes_contains_common" time="0.000" /><testcase classname="tests.suggestion.test_python.TestBuiltinConstants" name="test_builtin_properties_contains_constants_and_dunders" time="0.000" /><testcase classname="tests.suggestion.test_python.TestBuiltinConstants" name="test_keywords_contains_python_keywords" time="0.000" /><testcase classname="tests.suggestion.test_python.TestBuiltinConstants" name="test_builtin_attrs_has_expected_keys" time="0.000" /><testcase classname="tests.suggestion.test_python.TestEndToEnd" name="test_api_docs_example" time="0.000"><failure message="AssertionError: assert 'greet' in [SuggestionItem(label='__class__', priority=5, kind='method'), SuggestionItem(label='__delattr__', priority=5, kind='method'), SuggestionItem(label='__dir__', priority=5, kind='method'), SuggestionItem(label='__doc__', priority=5, kind='method'), SuggestionItem(label='__eq__', priority=5, kind='method'), SuggestionItem(label='__format__', priority=5, kind='method'), ...]">tests\suggestion\test_python.py:393: in test_api_docs_example
    assert "greet" in attr_result
E   AssertionError: assert 'greet' in [SuggestionItem(label='__class__', priority=5, kind='method'), SuggestionItem(label='__delattr__', priority=5, kind='method'), SuggestionItem(label='__dir__', priority=5, kind='method'), SuggestionItem(label='__doc__', priority=5, kind='method'), SuggestionItem(label='__eq__', priority=5, kind='method'), SuggestionItem(label='__format__', priority=5, kind='method'), ...]</failure></testcase><testcase classname="tests.test_highlight_delay.TestDebouncerBasic" name="test_schedule_returns_after_id" time="0.000" /><testcase classname="tests.test_highlight_delay.TestDebouncerBasic" name="test_first_schedule_uses_given_delay" time="0.000" /><testcase classname="tests.test_highlight_delay.TestDebouncerBasic" name="test_schedule_passes_callable" time="0.000" /><testcase classname="tests.test_highlight_delay.TestDebouncerBasic" name="test_pending_id_is_none_after_cancel" time="0.000" /><testcase classname="tests.test_highlight_delay.TestDebouncerBasic" name="test_cancel_without_pending_is_noop" time="0.000" /><testcase classname="tests.test_highlight_delay.TestDebouncerReschedule" name="test_reschedule_cancels_previous" time="0.000" /><testcase classname="tests.test_highlight_delay.TestDebouncerReschedule" name="test_many_reschedules_only_keep_last" time="0.000" /><testcase classname="tests.test_highlight_delay.TestDebouncerReschedule" name="test_callbacks_only_last_fires" time="0.000" /><testcase classname="tests.test_highlight_delay.TestDebouncerDelayValues" name="test_zero_delay_is_allowed" time="0.000" /><testcase classname="tests.test_highlight_delay.TestDebouncerDelayValues" name="test_negative_delay_is_clamped_to_zero" time="0.000" /><testcase classname="tests.test_highlight_delay.TestDebouncerDelayValues" name="test_float_delay_is_coerced_to_int" time="0.000" /><testcase classname="tests.test_highlight_delay.TestDebouncerDelayValues" name="test_dynamic_delay_each_call" time="0.000" /><testcase classname="tests.test_highlight_delay.TestDebouncerRobustness" name="test_after_exception_is_swallowed" time="0.000" /><testcase classname="tests.test_highlight_delay.TestDebouncerRobustness" name="test_cancel_exception_is_swallowed" time="0.000" /></testsuite></testsuites>